<?xml version="1.0"?>
<link_info>
   <banner>TI ARM Linker PC v15.12.1.LTS</banner>
   <copyright>Copyright (c) 1996-2015 Texas Instruments Incorporated</copyright>
   <link_time>0x575f73d2</link_time>
   <link_errors>0x0</link_errors>
   <output_file>Lab2_MSP432.out</output_file>
   <entry_point>
      <name>_c_int00</name>
      <address>0x4679</address>
   </entry_point>
   <input_file_list>
      <input_file id="fl-2">
         <path>.\</path>
         <kind>object</kind>
         <file>BSP.obj</file>
         <name>BSP.obj</name>
      </input_file>
      <input_file id="fl-3">
         <path>.\</path>
         <kind>object</kind>
         <file>CortexM.obj</file>
         <name>CortexM.obj</name>
      </input_file>
      <input_file id="fl-4">
         <path>.\</path>
         <kind>object</kind>
         <file>Lab2.obj</file>
         <name>Lab2.obj</name>
      </input_file>
      <input_file id="fl-5">
         <path>.\</path>
         <kind>object</kind>
         <file>Profile.obj</file>
         <name>Profile.obj</name>
      </input_file>
      <input_file id="fl-6">
         <path>.\</path>
         <kind>object</kind>
         <file>Texas.obj</file>
         <name>Texas.obj</name>
      </input_file>
      <input_file id="fl-7">
         <path>.\</path>
         <kind>object</kind>
         <file>msp432_startup_ccs.obj</file>
         <name>msp432_startup_ccs.obj</name>
      </input_file>
      <input_file id="fl-8">
         <path>.\</path>
         <kind>object</kind>
         <file>os.obj</file>
         <name>os.obj</name>
      </input_file>
      <input_file id="fl-9">
         <path>.\</path>
         <kind>object</kind>
         <file>osasm.obj</file>
         <name>osasm.obj</name>
      </input_file>
      <input_file id="fl-c3">
         <path>C:\ti\ccs613\ccsv6\tools\compiler\ti-cgt-arm_15.12.1.LTS\lib\</path>
         <kind>archive</kind>
         <file>rtsv7M4_T_le_v4SPD16_eabi.lib</file>
         <name>boot.obj</name>
      </input_file>
      <input_file id="fl-c4">
         <path>C:\ti\ccs613\ccsv6\tools\compiler\ti-cgt-arm_15.12.1.LTS\lib\</path>
         <kind>archive</kind>
         <file>rtsv7M4_T_le_v4SPD16_eabi.lib</file>
         <name>copy_decompress_none.obj</name>
      </input_file>
      <input_file id="fl-c5">
         <path>C:\ti\ccs613\ccsv6\tools\compiler\ti-cgt-arm_15.12.1.LTS\lib\</path>
         <kind>archive</kind>
         <file>rtsv7M4_T_le_v4SPD16_eabi.lib</file>
         <name>copy_decompress_rle.obj</name>
      </input_file>
      <input_file id="fl-c6">
         <path>C:\ti\ccs613\ccsv6\tools\compiler\ti-cgt-arm_15.12.1.LTS\lib\</path>
         <kind>archive</kind>
         <file>rtsv7M4_T_le_v4SPD16_eabi.lib</file>
         <name>copy_zero_init.obj</name>
      </input_file>
      <input_file id="fl-c7">
         <path>C:\ti\ccs613\ccsv6\tools\compiler\ti-cgt-arm_15.12.1.LTS\lib\</path>
         <kind>archive</kind>
         <file>rtsv7M4_T_le_v4SPD16_eabi.lib</file>
         <name>exit.obj</name>
      </input_file>
      <input_file id="fl-c8">
         <path>C:\ti\ccs613\ccsv6\tools\compiler\ti-cgt-arm_15.12.1.LTS\lib\</path>
         <kind>archive</kind>
         <file>rtsv7M4_T_le_v4SPD16_eabi.lib</file>
         <name>memcpy_t2.obj</name>
      </input_file>
      <input_file id="fl-c9">
         <path>C:\ti\ccs613\ccsv6\tools\compiler\ti-cgt-arm_15.12.1.LTS\lib\</path>
         <kind>archive</kind>
         <file>rtsv7M4_T_le_v4SPD16_eabi.lib</file>
         <name>memset_t2.obj</name>
      </input_file>
      <input_file id="fl-ca">
         <path>C:\ti\ccs613\ccsv6\tools\compiler\ti-cgt-arm_15.12.1.LTS\lib\</path>
         <kind>archive</kind>
         <file>rtsv7M4_T_le_v4SPD16_eabi.lib</file>
         <name>mpu_init.obj</name>
      </input_file>
      <input_file id="fl-cb">
         <path>C:\ti\ccs613\ccsv6\tools\compiler\ti-cgt-arm_15.12.1.LTS\lib\</path>
         <kind>archive</kind>
         <file>rtsv7M4_T_le_v4SPD16_eabi.lib</file>
         <name>pre_init.obj</name>
      </input_file>
      <input_file id="fl-cc">
         <path>C:\ti\ccs613\ccsv6\tools\compiler\ti-cgt-arm_15.12.1.LTS\lib\</path>
         <kind>archive</kind>
         <file>rtsv7M4_T_le_v4SPD16_eabi.lib</file>
         <name>stkdepth_vars.obj</name>
      </input_file>
      <input_file id="fl-cd">
         <path>C:\ti\ccs613\ccsv6\tools\compiler\ti-cgt-arm_15.12.1.LTS\lib\</path>
         <kind>archive</kind>
         <file>rtsv7M4_T_le_v4SPD16_eabi.lib</file>
         <name>_lock.obj</name>
      </input_file>
      <input_file id="fl-ce">
         <path>C:\ti\ccs613\ccsv6\tools\compiler\ti-cgt-arm_15.12.1.LTS\lib\</path>
         <kind>archive</kind>
         <file>rtsv7M4_T_le_v4SPD16_eabi.lib</file>
         <name>args_main.obj</name>
      </input_file>
      <input_file id="fl-cf">
         <path>C:\ti\ccs613\ccsv6\tools\compiler\ti-cgt-arm_15.12.1.LTS\lib\</path>
         <kind>archive</kind>
         <file>rtsv7M4_T_le_v4SPD16_eabi.lib</file>
         <name>autoinit.obj</name>
      </input_file>
      <input_file id="fl-d0">
         <path>C:\ti\ccs613\ccsv6\tools\compiler\ti-cgt-arm_15.12.1.LTS\lib\</path>
         <kind>archive</kind>
         <file>rtsv7M4_T_le_v4SPD16_eabi.lib</file>
         <name>cpy_tbl.obj</name>
      </input_file>
      <input_file id="fl-d1">
         <path>C:\ti\ccs613\ccsv6\tools\compiler\ti-cgt-arm_15.12.1.LTS\lib\</path>
         <kind>archive</kind>
         <file>rtsv7M4_T_le_v4SPD16_eabi.lib</file>
         <name>startup.obj</name>
      </input_file>
   </input_file_list>
   <object_component_list>
      <object_component id="oc-bc">
         <name>.text</name>
         <load_address>0x0</load_address>
         <run_address>0x0</run_address>
         <size>0x23fc</size>
         <input_file_ref idref="fl-2"/>
      </object_component>
      <object_component id="oc-c2">
         <name>.text</name>
         <load_address>0x23fc</load_address>
         <run_address>0x23fc</run_address>
         <size>0x1348</size>
         <input_file_ref idref="fl-6"/>
      </object_component>
      <object_component id="oc-9a">
         <name>.text</name>
         <load_address>0x3744</load_address>
         <run_address>0x3744</run_address>
         <size>0x7d4</size>
         <input_file_ref idref="fl-4"/>
      </object_component>
      <object_component id="oc-ce">
         <name>.text</name>
         <load_address>0x3f18</load_address>
         <run_address>0x3f18</run_address>
         <size>0x3a8</size>
         <input_file_ref idref="fl-8"/>
      </object_component>
      <object_component id="oc-e7">
         <name>.text</name>
         <load_address>0x42c0</load_address>
         <run_address>0x42c0</run_address>
         <size>0x12c</size>
         <input_file_ref idref="fl-5"/>
      </object_component>
      <object_component id="oc-2b">
         <name>.text</name>
         <load_address>0x43ec</load_address>
         <run_address>0x43ec</run_address>
         <size>0x9c</size>
         <input_file_ref idref="fl-c8"/>
      </object_component>
      <object_component id="oc-c8">
         <name>.text</name>
         <load_address>0x4488</load_address>
         <run_address>0x4488</run_address>
         <size>0x9a</size>
         <input_file_ref idref="fl-7"/>
      </object_component>
      <object_component id="oc-44">
         <name>.text</name>
         <load_address>0x4522</load_address>
         <run_address>0x4522</run_address>
         <size>0x7a</size>
         <input_file_ref idref="fl-c9"/>
      </object_component>
      <object_component id="oc-5c">
         <name>.text</name>
         <load_address>0x459c</load_address>
         <run_address>0x459c</run_address>
         <size>0x70</size>
         <input_file_ref idref="fl-cf"/>
      </object_component>
      <object_component id="oc-37">
         <name>.text</name>
         <load_address>0x460c</load_address>
         <run_address>0x460c</run_address>
         <size>0x6a</size>
         <input_file_ref idref="fl-c5"/>
      </object_component>
      <object_component id="oc-50">
         <name>.text</name>
         <load_address>0x4676</load_address>
         <run_address>0x4676</run_address>
         <size>0x2</size>
         <input_file_ref idref="fl-ca"/>
      </object_component>
      <object_component id="oc-24">
         <name>.text</name>
         <load_address>0x4678</load_address>
         <run_address>0x4678</run_address>
         <size>0x54</size>
         <input_file_ref idref="fl-c3"/>
      </object_component>
      <object_component id="oc-68">
         <name>.text</name>
         <load_address>0x46cc</load_address>
         <run_address>0x46cc</run_address>
         <size>0x54</size>
         <input_file_ref idref="fl-c7"/>
      </object_component>
      <object_component id="oc-159">
         <name>.text</name>
         <load_address>0x4720</load_address>
         <run_address>0x4720</run_address>
         <size>0x4c</size>
         <input_file_ref idref="fl-9"/>
      </object_component>
      <object_component id="oc-8c">
         <name>.text</name>
         <load_address>0x476c</load_address>
         <run_address>0x476c</run_address>
         <size>0x4c</size>
         <input_file_ref idref="fl-d0"/>
      </object_component>
      <object_component id="oc-62">
         <name>.text</name>
         <load_address>0x47b8</load_address>
         <run_address>0x47b8</run_address>
         <size>0x18</size>
         <input_file_ref idref="fl-ce"/>
      </object_component>
      <object_component id="oc-fc">
         <name>.text</name>
         <load_address>0x47d0</load_address>
         <run_address>0x47d0</run_address>
         <size>0x14</size>
         <input_file_ref idref="fl-cd"/>
      </object_component>
      <object_component id="oc-12">
         <name>.text:decompress:none</name>
         <load_address>0x47e4</load_address>
         <run_address>0x47e4</run_address>
         <size>0xe</size>
         <input_file_ref idref="fl-c4"/>
      </object_component>
      <object_component id="oc-18">
         <name>.text:decompress:rle24</name>
         <load_address>0x47f2</load_address>
         <run_address>0x47f2</run_address>
         <size>0x6</size>
         <input_file_ref idref="fl-c5"/>
      </object_component>
      <object_component id="oc-56">
         <name>.text</name>
         <load_address>0x47f8</load_address>
         <run_address>0x47f8</run_address>
         <size>0x4</size>
         <input_file_ref idref="fl-cb"/>
      </object_component>
      <object_component id="oc-92">
         <name>.text</name>
         <load_address>0x47fc</load_address>
         <run_address>0x47fc</run_address>
         <size>0x2</size>
         <input_file_ref idref="fl-d1"/>
      </object_component>
      <object_component id="oc-121">
         <name>.const:.string:Font</name>
         <load_address>0x4800</load_address>
         <run_address>0x4800</run_address>
         <size>0x4fb</size>
         <input_file_ref idref="fl-2"/>
      </object_component>
      <object_component id="oc-115">
         <name>.const:.string:Rcmd1</name>
         <load_address>0x4cfb</load_address>
         <run_address>0x4cfb</run_address>
         <size>0x3b</size>
         <input_file_ref idref="fl-2"/>
      </object_component>
      <object_component id="oc-11e">
         <name>.const:.string:Rcmd3</name>
         <load_address>0x4d36</load_address>
         <run_address>0x4d36</run_address>
         <size>0x2b</size>
         <input_file_ref idref="fl-2"/>
      </object_component>
      <object_component id="oc-14f">
         <name>.const:Scramble</name>
         <load_address>0x4d64</load_address>
         <run_address>0x4d64</run_address>
         <size>0x20</size>
         <input_file_ref idref="fl-6"/>
      </object_component>
      <object_component id="oc-118">
         <name>.const:.string:Rcmd2green</name>
         <load_address>0x4d84</load_address>
         <run_address>0x4d84</run_address>
         <size>0xd</size>
         <input_file_ref idref="fl-2"/>
      </object_component>
      <object_component id="oc-11b">
         <name>.const:.string:Rcmd2red</name>
         <load_address>0x4d91</load_address>
         <run_address>0x4d91</run_address>
         <size>0xd</size>
         <input_file_ref idref="fl-2"/>
      </object_component>
      <object_component id="oc-14c">
         <name>.const:.string:Key</name>
         <load_address>0x4d9e</load_address>
         <run_address>0x4d9e</run_address>
         <size>0x8</size>
         <input_file_ref idref="fl-6"/>
      </object_component>
      <object_component id="oc-1c6">
         <name>.cinit..data.load</name>
         <load_address>0x4da8</load_address>
         <run_address>0x4da8</run_address>
         <size>0x2d</size>
      </object_component>
      <object_component id="oc-1c7">
         <name>.cinit..bss.load</name>
         <load_address>0x4dd8</load_address>
         <run_address>0x4dd8</run_address>
         <size>0xb</size>
      </object_component>
      <object_component id="oc-1c4">
         <name>__TI_handler_table</name>
         <load_address>0x4de4</load_address>
         <run_address>0x4de4</run_address>
         <size>0x8</size>
      </object_component>
      <object_component id="oc-1c5">
         <name>__TI_cinit_table</name>
         <load_address>0x4dec</load_address>
         <run_address>0x4dec</run_address>
         <size>0x10</size>
      </object_component>
      <object_component id="oc-1a3">
         <name>.binit</name>
         <load_address>0x0</load_address>
         <run_address>0x0</run_address>
         <size>0x0</size>
      </object_component>
      <object_component id="oc-112">
         <name>.data</name>
         <load_address>0x20001588</load_address>
         <run_address>0x20001588</run_address>
         <size>0x34</size>
         <input_file_ref idref="fl-2"/>
      </object_component>
      <object_component id="oc-d8">
         <name>.data</name>
         <load_address>0x200015bc</load_address>
         <run_address>0x200015bc</run_address>
         <size>0x12</size>
         <input_file_ref idref="fl-4"/>
      </object_component>
      <object_component id="oc-147">
         <name>.data</name>
         <load_address>0x200015e4</load_address>
         <run_address>0x200015e4</run_address>
         <size>0x4</size>
         <input_file_ref idref="fl-6"/>
      </object_component>
      <object_component id="oc-a2">
         <name>.data:$O1$$</name>
         <load_address>0x200015d0</load_address>
         <run_address>0x200015d0</run_address>
         <size>0xc</size>
         <input_file_ref idref="fl-c7"/>
      </object_component>
      <object_component id="oc-6e">
         <name>.data</name>
         <load_address>0x200015e8</load_address>
         <run_address>0x200015e8</run_address>
         <size>0x4</size>
         <input_file_ref idref="fl-cc"/>
      </object_component>
      <object_component id="oc-a5">
         <name>.data:$O1$$</name>
         <load_address>0x200015dc</load_address>
         <run_address>0x200015dc</run_address>
         <size>0x8</size>
         <input_file_ref idref="fl-cd"/>
      </object_component>
      <object_component id="oc-10f">
         <name>.bss</name>
         <uninitialized>true</uninitialized>
         <run_address>0x200014ec</run_address>
         <size>0x4</size>
         <input_file_ref idref="fl-2"/>
      </object_component>
      <object_component id="oc-124">
         <name>.common:Message</name>
         <uninitialized>true</uninitialized>
         <run_address>0x200014d8</run_address>
         <size>0xc</size>
      </object_component>
      <object_component id="oc-127">
         <name>.common:Messageindex</name>
         <uninitialized>true</uninitialized>
         <run_address>0x20001530</run_address>
         <size>0x4</size>
      </object_component>
      <object_component id="oc-12b">
         <name>.common:TimeIndex</name>
         <uninitialized>true</uninitialized>
         <run_address>0x2000156c</run_address>
         <size>0x4</size>
      </object_component>
      <object_component id="oc-128">
         <name>.common:Ymax</name>
         <uninitialized>true</uninitialized>
         <run_address>0x20001570</run_address>
         <size>0x4</size>
      </object_component>
      <object_component id="oc-129">
         <name>.common:Ymin</name>
         <uninitialized>true</uninitialized>
         <run_address>0x20001574</run_address>
         <size>0x4</size>
      </object_component>
      <object_component id="oc-12a">
         <name>.common:Yrange</name>
         <uninitialized>true</uninitialized>
         <run_address>0x20001578</run_address>
         <size>0x4</size>
      </object_component>
      <object_component id="oc-12c">
         <name>.common:PlotBGColor</name>
         <uninitialized>true</uninitialized>
         <run_address>0x20001582</run_address>
         <size>0x2</size>
      </object_component>
      <object_component id="oc-12d">
         <name>.common:PeriodicTask</name>
         <uninitialized>true</uninitialized>
         <run_address>0x20001544</run_address>
         <size>0x4</size>
      </object_component>
      <object_component id="oc-12e">
         <name>.common:PeriodicTaskB</name>
         <uninitialized>true</uninitialized>
         <run_address>0x2000154c</run_address>
         <size>0x4</size>
      </object_component>
      <object_component id="oc-12f">
         <name>.common:PeriodicTaskC</name>
         <uninitialized>true</uninitialized>
         <run_address>0x20001550</run_address>
         <size>0x4</size>
      </object_component>
      <object_component id="oc-e1">
         <name>.common:Time</name>
         <uninitialized>true</uninitialized>
         <run_address>0x20001568</run_address>
         <size>0x4</size>
      </object_component>
      <object_component id="oc-e4">
         <name>.common:Steps</name>
         <uninitialized>true</uninitialized>
         <run_address>0x20001560</run_address>
         <size>0x4</size>
      </object_component>
      <object_component id="oc-e2">
         <name>.common:Magnitude</name>
         <uninitialized>true</uninitialized>
         <run_address>0x20001524</run_address>
         <size>0x4</size>
      </object_component>
      <object_component id="oc-e3">
         <name>.common:EWMA</name>
         <uninitialized>true</uninitialized>
         <run_address>0x200014f0</run_address>
         <size>0x4</size>
      </object_component>
      <object_component id="oc-d7">
         <name>.common:SoundData</name>
         <uninitialized>true</uninitialized>
         <run_address>0x20001584</run_address>
         <size>0x2</size>
      </object_component>
      <object_component id="oc-dc">
         <name>.common:SoundAvg</name>
         <uninitialized>true</uninitialized>
         <run_address>0x20001558</run_address>
         <size>0x4</size>
      </object_component>
      <object_component id="oc-d4">
         <name>.common:SoundRMS</name>
         <uninitialized>true</uninitialized>
         <run_address>0x2000155c</run_address>
         <size>0x4</size>
      </object_component>
      <object_component id="oc-e6">
         <name>.common:TemperatureData</name>
         <uninitialized>true</uninitialized>
         <run_address>0x20001564</run_address>
         <size>0x4</size>
      </object_component>
      <object_component id="oc-dd">
         <name>.common:NewData</name>
         <uninitialized>true</uninitialized>
         <run_address>0x20001538</run_address>
         <size>0x4</size>
      </object_component>
      <object_component id="oc-e5">
         <name>.common:LCDmutex</name>
         <uninitialized>true</uninitialized>
         <run_address>0x20001520</run_address>
         <size>0x4</size>
      </object_component>
      <object_component id="oc-db">
         <name>.common:SoundArray</name>
         <uninitialized>true</uninitialized>
         <run_address>0x20000000</run_address>
         <size>0x7d0</size>
      </object_component>
      <object_component id="oc-de">
         <name>.common:AccX</name>
         <uninitialized>true</uninitialized>
         <run_address>0x2000157c</run_address>
         <size>0x2</size>
      </object_component>
      <object_component id="oc-df">
         <name>.common:AccY</name>
         <uninitialized>true</uninitialized>
         <run_address>0x2000157e</run_address>
         <size>0x2</size>
      </object_component>
      <object_component id="oc-e0">
         <name>.common:AccZ</name>
         <uninitialized>true</uninitialized>
         <run_address>0x20001580</run_address>
         <size>0x2</size>
      </object_component>
      <object_component id="oc-136">
         <name>.common:LogicData</name>
         <uninitialized>true</uninitialized>
         <run_address>0x20001586</run_address>
         <size>0x1</size>
      </object_component>
      <object_component id="oc-145">
         <name>.common:Id</name>
         <uninitialized>true</uninitialized>
         <run_address>0x20001504</run_address>
         <size>0x4</size>
      </object_component>
      <object_component id="oc-14b">
         <name>.common:MagicCode</name>
         <uninitialized>true</uninitialized>
         <run_address>0x200014cc</run_address>
         <size>0xc</size>
      </object_component>
      <object_component id="oc-146">
         <name>.common:EncriptedMagicCode</name>
         <uninitialized>true</uninitialized>
         <run_address>0x200014c0</run_address>
         <size>0xc</size>
      </object_component>
      <object_component id="oc-13f">
         <name>.common:TimeBuffer0</name>
         <uninitialized>true</uninitialized>
         <run_address>0x20000e10</run_address>
         <size>0x190</size>
      </object_component>
      <object_component id="oc-139">
         <name>.common:Index0</name>
         <uninitialized>true</uninitialized>
         <run_address>0x20001508</run_address>
         <size>0x4</size>
      </object_component>
      <object_component id="oc-140">
         <name>.common:TimeBuffer1</name>
         <uninitialized>true</uninitialized>
         <run_address>0x20000fa0</run_address>
         <size>0x190</size>
      </object_component>
      <object_component id="oc-13a">
         <name>.common:Index1</name>
         <uninitialized>true</uninitialized>
         <run_address>0x2000150c</run_address>
         <size>0x4</size>
      </object_component>
      <object_component id="oc-141">
         <name>.common:TimeBuffer2</name>
         <uninitialized>true</uninitialized>
         <run_address>0x20001130</run_address>
         <size>0x190</size>
      </object_component>
      <object_component id="oc-13b">
         <name>.common:Index2</name>
         <uninitialized>true</uninitialized>
         <run_address>0x20001510</run_address>
         <size>0x4</size>
      </object_component>
      <object_component id="oc-142">
         <name>.common:TimeBuffer3</name>
         <uninitialized>true</uninitialized>
         <run_address>0x200012c0</run_address>
         <size>0x190</size>
      </object_component>
      <object_component id="oc-13c">
         <name>.common:Index3</name>
         <uninitialized>true</uninitialized>
         <run_address>0x20001514</run_address>
         <size>0x4</size>
      </object_component>
      <object_component id="oc-143">
         <name>.common:TimeBuffer4</name>
         <uninitialized>true</uninitialized>
         <run_address>0x20001450</run_address>
         <size>0x28</size>
      </object_component>
      <object_component id="oc-13d">
         <name>.common:Index4</name>
         <uninitialized>true</uninitialized>
         <run_address>0x20001518</run_address>
         <size>0x4</size>
      </object_component>
      <object_component id="oc-144">
         <name>.common:TimeBuffer5</name>
         <uninitialized>true</uninitialized>
         <run_address>0x20001478</run_address>
         <size>0x28</size>
      </object_component>
      <object_component id="oc-13e">
         <name>.common:Index5</name>
         <uninitialized>true</uninitialized>
         <run_address>0x2000151c</run_address>
         <size>0x4</size>
      </object_component>
      <object_component id="oc-148">
         <name>.common:PeriodicTask2</name>
         <uninitialized>true</uninitialized>
         <run_address>0x20001548</run_address>
         <size>0x4</size>
      </object_component>
      <object_component id="oc-14a">
         <name>.common:Messageindexb</name>
         <uninitialized>true</uninitialized>
         <run_address>0x20001534</run_address>
         <size>0x4</size>
      </object_component>
      <object_component id="oc-149">
         <name>.common:Messageb</name>
         <uninitialized>true</uninitialized>
         <run_address>0x200014e4</run_address>
         <size>0x8</size>
      </object_component>
      <object_component id="oc-165">
         <name>.common:tcbs</name>
         <uninitialized>true</uninitialized>
         <run_address>0x200014a0</run_address>
         <size>0x20</size>
      </object_component>
      <object_component id="oc-167">
         <name>.common:RunPt</name>
         <uninitialized>true</uninitialized>
         <run_address>0x20001554</run_address>
         <size>0x4</size>
      </object_component>
      <object_component id="oc-166">
         <name>.common:Stacks</name>
         <uninitialized>true</uninitialized>
         <run_address>0x200007d0</run_address>
         <size>0x640</size>
      </object_component>
      <object_component id="oc-168">
         <name>.common:EventThreadCounter</name>
         <uninitialized>true</uninitialized>
         <run_address>0x200014f4</run_address>
         <size>0x4</size>
      </object_component>
      <object_component id="oc-162">
         <name>.common:EventThreadPeriod1</name>
         <uninitialized>true</uninitialized>
         <run_address>0x200014fc</run_address>
         <size>0x4</size>
      </object_component>
      <object_component id="oc-15e">
         <name>.common:PeriodicEvent1</name>
         <uninitialized>true</uninitialized>
         <run_address>0x2000153c</run_address>
         <size>0x4</size>
      </object_component>
      <object_component id="oc-163">
         <name>.common:EventThreadPeriod2</name>
         <uninitialized>true</uninitialized>
         <run_address>0x20001500</run_address>
         <size>0x4</size>
      </object_component>
      <object_component id="oc-161">
         <name>.common:PeriodicEvent2</name>
         <uninitialized>true</uninitialized>
         <run_address>0x20001540</run_address>
         <size>0x4</size>
      </object_component>
      <object_component id="oc-164">
         <name>.common:EventThreadMaxCount</name>
         <uninitialized>true</uninitialized>
         <run_address>0x200014f8</run_address>
         <size>0x4</size>
      </object_component>
      <object_component id="oc-169">
         <name>.common:MailBoxValidData</name>
         <uninitialized>true</uninitialized>
         <run_address>0x2000152c</run_address>
         <size>0x4</size>
      </object_component>
      <object_component id="oc-16a">
         <name>.common:MailBox</name>
         <uninitialized>true</uninitialized>
         <run_address>0x20001528</run_address>
         <size>0x4</size>
      </object_component>
      <object_component id="oc-2a">
         <name>.stack</name>
         <uninitialized>true</uninitialized>
         <run_address>0x2000fe00</run_address>
         <size>0x0</size>
         <input_file_ref idref="fl-c3"/>
      </object_component>
      <object_component id="oc-1c8">
         <name>.stack</name>
         <uninitialized>true</uninitialized>
         <run_address>0x2000fe00</run_address>
         <size>0x0</size>
      </object_component>
      <object_component id="oc-125">
         <name>.debug_info</name>
         <load_address>0x0</load_address>
         <run_address>0x0</run_address>
         <size>0x54f</size>
         <input_file_ref idref="fl-2"/>
      </object_component>
      <object_component id="oc-113">
         <name>.debug_info</name>
         <load_address>0x54f</load_address>
         <run_address>0x54f</run_address>
         <size>0x2c0</size>
         <input_file_ref idref="fl-2"/>
      </object_component>
      <object_component id="oc-110">
         <name>.debug_info</name>
         <load_address>0x80f</load_address>
         <run_address>0x80f</run_address>
         <size>0x13f</size>
         <input_file_ref idref="fl-2"/>
      </object_component>
      <object_component id="oc-122">
         <name>.debug_info</name>
         <load_address>0x94e</load_address>
         <run_address>0x94e</run_address>
         <size>0xf3</size>
         <input_file_ref idref="fl-2"/>
      </object_component>
      <object_component id="oc-116">
         <name>.debug_info</name>
         <load_address>0xa41</load_address>
         <run_address>0xa41</run_address>
         <size>0xf5</size>
         <input_file_ref idref="fl-2"/>
      </object_component>
      <object_component id="oc-119">
         <name>.debug_info</name>
         <load_address>0xb36</load_address>
         <run_address>0xb36</run_address>
         <size>0xff</size>
         <input_file_ref idref="fl-2"/>
      </object_component>
      <object_component id="oc-11c">
         <name>.debug_info</name>
         <load_address>0xc35</load_address>
         <run_address>0xc35</run_address>
         <size>0xfb</size>
         <input_file_ref idref="fl-2"/>
      </object_component>
      <object_component id="oc-11f">
         <name>.debug_info</name>
         <load_address>0xd30</load_address>
         <run_address>0xd30</run_address>
         <size>0xf5</size>
         <input_file_ref idref="fl-2"/>
      </object_component>
      <object_component id="oc-bd">
         <name>.debug_info</name>
         <load_address>0xe25</load_address>
         <run_address>0xe25</run_address>
         <size>0x5313</size>
         <input_file_ref idref="fl-2"/>
      </object_component>
      <object_component id="oc-18e">
         <name>.debug_info</name>
         <load_address>0x6138</load_address>
         <run_address>0x6138</run_address>
         <size>0x103e</size>
         <input_file_ref idref="fl-2"/>
      </object_component>
      <object_component id="oc-7a">
         <name>.debug_info</name>
         <load_address>0x7176</load_address>
         <run_address>0x7176</run_address>
         <size>0x84</size>
         <input_file_ref idref="fl-2"/>
      </object_component>
      <object_component id="oc-ee">
         <name>.debug_info</name>
         <load_address>0x71fa</load_address>
         <run_address>0x71fa</run_address>
         <size>0x18b</size>
         <input_file_ref idref="fl-2"/>
      </object_component>
      <object_component id="oc-131">
         <name>.debug_info</name>
         <load_address>0x7385</load_address>
         <run_address>0x7385</run_address>
         <size>0x56</size>
         <input_file_ref idref="fl-2"/>
      </object_component>
      <object_component id="oc-d5">
         <name>.debug_info</name>
         <load_address>0x73db</load_address>
         <run_address>0x73db</run_address>
         <size>0xb7e</size>
         <input_file_ref idref="fl-4"/>
      </object_component>
      <object_component id="oc-d9">
         <name>.debug_info</name>
         <load_address>0x7f59</load_address>
         <run_address>0x7f59</run_address>
         <size>0x129</size>
         <input_file_ref idref="fl-4"/>
      </object_component>
      <object_component id="oc-9b">
         <name>.debug_info</name>
         <load_address>0x8082</load_address>
         <run_address>0x8082</run_address>
         <size>0xbeb</size>
         <input_file_ref idref="fl-4"/>
      </object_component>
      <object_component id="oc-16e">
         <name>.debug_info</name>
         <load_address>0x8c6d</load_address>
         <run_address>0x8c6d</run_address>
         <size>0x3f</size>
         <input_file_ref idref="fl-4"/>
      </object_component>
      <object_component id="oc-175">
         <name>.debug_info</name>
         <load_address>0x8cac</load_address>
         <run_address>0x8cac</run_address>
         <size>0x7a</size>
         <input_file_ref idref="fl-4"/>
      </object_component>
      <object_component id="oc-e8">
         <name>.debug_info</name>
         <load_address>0x8d26</load_address>
         <run_address>0x8d26</run_address>
         <size>0x226</size>
         <input_file_ref idref="fl-5"/>
      </object_component>
      <object_component id="oc-137">
         <name>.debug_info</name>
         <load_address>0x8f4c</load_address>
         <run_address>0x8f4c</run_address>
         <size>0x698</size>
         <input_file_ref idref="fl-6"/>
      </object_component>
      <object_component id="oc-14d">
         <name>.debug_info</name>
         <load_address>0x95e4</load_address>
         <run_address>0x95e4</run_address>
         <size>0xcd</size>
         <input_file_ref idref="fl-6"/>
      </object_component>
      <object_component id="oc-150">
         <name>.debug_info</name>
         <load_address>0x96b1</load_address>
         <run_address>0x96b1</run_address>
         <size>0xd7</size>
         <input_file_ref idref="fl-6"/>
      </object_component>
      <object_component id="oc-c3">
         <name>.debug_info</name>
         <load_address>0x9788</load_address>
         <run_address>0x9788</run_address>
         <size>0x1c77</size>
         <input_file_ref idref="fl-6"/>
      </object_component>
      <object_component id="oc-153">
         <name>.debug_info</name>
         <load_address>0xb3ff</load_address>
         <run_address>0xb3ff</run_address>
         <size>0x3f</size>
         <input_file_ref idref="fl-6"/>
      </object_component>
      <object_component id="oc-c9">
         <name>.debug_info</name>
         <load_address>0xb43e</load_address>
         <run_address>0xb43e</run_address>
         <size>0x169f</size>
         <input_file_ref idref="fl-7"/>
      </object_component>
      <object_component id="oc-15f">
         <name>.debug_info</name>
         <load_address>0xcadd</load_address>
         <run_address>0xcadd</run_address>
         <size>0x3b4</size>
         <input_file_ref idref="fl-8"/>
      </object_component>
      <object_component id="oc-cf">
         <name>.debug_info</name>
         <load_address>0xce91</load_address>
         <run_address>0xce91</run_address>
         <size>0x8e3</size>
         <input_file_ref idref="fl-8"/>
      </object_component>
      <object_component id="oc-19c">
         <name>.debug_info</name>
         <load_address>0xd774</load_address>
         <run_address>0xd774</run_address>
         <size>0x62</size>
         <input_file_ref idref="fl-8"/>
      </object_component>
      <object_component id="oc-15a">
         <name>.debug_info</name>
         <load_address>0xd7d6</load_address>
         <run_address>0xd7d6</run_address>
         <size>0x12a</size>
         <input_file_ref idref="fl-9"/>
      </object_component>
      <object_component id="oc-25">
         <name>.debug_info</name>
         <load_address>0xd900</load_address>
         <run_address>0xd900</run_address>
         <size>0x17c</size>
         <input_file_ref idref="fl-c3"/>
      </object_component>
      <object_component id="oc-36">
         <name>.debug_info</name>
         <load_address>0xda7c</load_address>
         <run_address>0xda7c</run_address>
         <size>0x15c</size>
         <input_file_ref idref="fl-c4"/>
      </object_component>
      <object_component id="oc-13">
         <name>.debug_info</name>
         <load_address>0xdbd8</load_address>
         <run_address>0xdbd8</run_address>
         <size>0x1fb</size>
         <input_file_ref idref="fl-c4"/>
      </object_component>
      <object_component id="oc-31">
         <name>.debug_info</name>
         <load_address>0xddd3</load_address>
         <run_address>0xddd3</run_address>
         <size>0x46</size>
         <input_file_ref idref="fl-c4"/>
      </object_component>
      <object_component id="oc-73">
         <name>.debug_info</name>
         <load_address>0xde19</load_address>
         <run_address>0xde19</run_address>
         <size>0x2c</size>
         <input_file_ref idref="fl-c4"/>
      </object_component>
      <object_component id="oc-3e">
         <name>.debug_info</name>
         <load_address>0xde45</load_address>
         <run_address>0xde45</run_address>
         <size>0x150</size>
         <input_file_ref idref="fl-c5"/>
      </object_component>
      <object_component id="oc-39">
         <name>.debug_info</name>
         <load_address>0xdf95</load_address>
         <run_address>0xdf95</run_address>
         <size>0x263</size>
         <input_file_ref idref="fl-c5"/>
      </object_component>
      <object_component id="oc-1c">
         <name>.debug_info</name>
         <load_address>0xe1f8</load_address>
         <run_address>0xe1f8</run_address>
         <size>0x1cd</size>
         <input_file_ref idref="fl-c5"/>
      </object_component>
      <object_component id="oc-3f">
         <name>.debug_info</name>
         <load_address>0xe3c5</load_address>
         <run_address>0xe3c5</run_address>
         <size>0x39</size>
         <input_file_ref idref="fl-c5"/>
      </object_component>
      <object_component id="oc-82">
         <name>.debug_info</name>
         <load_address>0xe3fe</load_address>
         <run_address>0xe3fe</run_address>
         <size>0x2c</size>
         <input_file_ref idref="fl-c5"/>
      </object_component>
      <object_component id="oc-a9">
         <name>.debug_info</name>
         <load_address>0xe42a</load_address>
         <run_address>0xe42a</run_address>
         <size>0x250</size>
         <input_file_ref idref="fl-c7"/>
      </object_component>
      <object_component id="oc-a3">
         <name>.debug_info</name>
         <load_address>0xe67a</load_address>
         <run_address>0xe67a</run_address>
         <size>0x1a1</size>
         <input_file_ref idref="fl-c7"/>
      </object_component>
      <object_component id="oc-6b">
         <name>.debug_info</name>
         <load_address>0xe81b</load_address>
         <run_address>0xe81b</run_address>
         <size>0x230</size>
         <input_file_ref idref="fl-c7"/>
      </object_component>
      <object_component id="oc-2d">
         <name>.debug_info</name>
         <load_address>0xea4b</load_address>
         <run_address>0xea4b</run_address>
         <size>0x12d</size>
         <input_file_ref idref="fl-c8"/>
      </object_component>
      <object_component id="oc-45">
         <name>.debug_info</name>
         <load_address>0xeb78</load_address>
         <run_address>0xeb78</run_address>
         <size>0x15b</size>
         <input_file_ref idref="fl-c9"/>
      </object_component>
      <object_component id="oc-51">
         <name>.debug_info</name>
         <load_address>0xecd3</load_address>
         <run_address>0xecd3</run_address>
         <size>0x154</size>
         <input_file_ref idref="fl-ca"/>
      </object_component>
      <object_component id="oc-57">
         <name>.debug_info</name>
         <load_address>0xee27</load_address>
         <run_address>0xee27</run_address>
         <size>0x164</size>
         <input_file_ref idref="fl-cb"/>
      </object_component>
      <object_component id="oc-6f">
         <name>.debug_info</name>
         <load_address>0xef8b</load_address>
         <run_address>0xef8b</run_address>
         <size>0x125</size>
         <input_file_ref idref="fl-cc"/>
      </object_component>
      <object_component id="oc-104">
         <name>.debug_info</name>
         <load_address>0xf0b0</load_address>
         <run_address>0xf0b0</run_address>
         <size>0x140</size>
         <input_file_ref idref="fl-cd"/>
      </object_component>
      <object_component id="oc-a6">
         <name>.debug_info</name>
         <load_address>0xf1f0</load_address>
         <run_address>0xf1f0</run_address>
         <size>0x12f</size>
         <input_file_ref idref="fl-cd"/>
      </object_component>
      <object_component id="oc-fd">
         <name>.debug_info</name>
         <load_address>0xf31f</load_address>
         <run_address>0xf31f</run_address>
         <size>0x23b</size>
         <input_file_ref idref="fl-cd"/>
      </object_component>
      <object_component id="oc-a1">
         <name>.debug_info</name>
         <load_address>0xf55a</load_address>
         <run_address>0xf55a</run_address>
         <size>0x182</size>
         <input_file_ref idref="fl-ce"/>
      </object_component>
      <object_component id="oc-63">
         <name>.debug_info</name>
         <load_address>0xf6dc</load_address>
         <run_address>0xf6dc</run_address>
         <size>0x183</size>
         <input_file_ref idref="fl-ce"/>
      </object_component>
      <object_component id="oc-f5">
         <name>.debug_info</name>
         <load_address>0xf85f</load_address>
         <run_address>0xf85f</run_address>
         <size>0x5e</size>
         <input_file_ref idref="fl-ce"/>
      </object_component>
      <object_component id="oc-99">
         <name>.debug_info</name>
         <load_address>0xf8bd</load_address>
         <run_address>0xf8bd</run_address>
         <size>0x305</size>
         <input_file_ref idref="fl-cf"/>
      </object_component>
      <object_component id="oc-5d">
         <name>.debug_info</name>
         <load_address>0xfbc2</load_address>
         <run_address>0xfbc2</run_address>
         <size>0x1ac</size>
         <input_file_ref idref="fl-cf"/>
      </object_component>
      <object_component id="oc-b2">
         <name>.debug_info</name>
         <load_address>0xfd6e</load_address>
         <run_address>0xfd6e</run_address>
         <size>0x39</size>
         <input_file_ref idref="fl-cf"/>
      </object_component>
      <object_component id="oc-b7">
         <name>.debug_info</name>
         <load_address>0xfda7</load_address>
         <run_address>0xfda7</run_address>
         <size>0xcd</size>
         <input_file_ref idref="fl-cf"/>
      </object_component>
      <object_component id="oc-ae">
         <name>.debug_info</name>
         <load_address>0xfe74</load_address>
         <run_address>0xfe74</run_address>
         <size>0x1fc</size>
         <input_file_ref idref="fl-d0"/>
      </object_component>
      <object_component id="oc-8d">
         <name>.debug_info</name>
         <load_address>0x10070</load_address>
         <run_address>0x10070</run_address>
         <size>0x19f</size>
         <input_file_ref idref="fl-d0"/>
      </object_component>
      <object_component id="oc-10a">
         <name>.debug_info</name>
         <load_address>0x1020f</load_address>
         <run_address>0x1020f</run_address>
         <size>0x2c</size>
         <input_file_ref idref="fl-d0"/>
      </object_component>
      <object_component id="oc-94">
         <name>.debug_info</name>
         <load_address>0x1023b</load_address>
         <run_address>0x1023b</run_address>
         <size>0x161</size>
         <input_file_ref idref="fl-d1"/>
      </object_component>
      <object_component id="oc-1c9">
         <name>.debug_info</name>
         <load_address>0x1039c</load_address>
         <run_address>0x1039c</run_address>
         <size>0xa7</size>
      </object_component>
      <object_component id="oc-18d">
         <name>.debug_line</name>
         <load_address>0x0</load_address>
         <run_address>0x0</run_address>
         <size>0x91</size>
         <input_file_ref idref="fl-2"/>
      </object_component>
      <object_component id="oc-181">
         <name>.debug_line</name>
         <load_address>0x91</load_address>
         <run_address>0x91</run_address>
         <size>0x53</size>
         <input_file_ref idref="fl-2"/>
      </object_component>
      <object_component id="oc-17f">
         <name>.debug_line</name>
         <load_address>0xe4</load_address>
         <run_address>0xe4</run_address>
         <size>0x53</size>
         <input_file_ref idref="fl-2"/>
      </object_component>
      <object_component id="oc-18b">
         <name>.debug_line</name>
         <load_address>0x137</load_address>
         <run_address>0x137</run_address>
         <size>0x53</size>
         <input_file_ref idref="fl-2"/>
      </object_component>
      <object_component id="oc-183">
         <name>.debug_line</name>
         <load_address>0x18a</load_address>
         <run_address>0x18a</run_address>
         <size>0x53</size>
         <input_file_ref idref="fl-2"/>
      </object_component>
      <object_component id="oc-185">
         <name>.debug_line</name>
         <load_address>0x1dd</load_address>
         <run_address>0x1dd</run_address>
         <size>0x53</size>
         <input_file_ref idref="fl-2"/>
      </object_component>
      <object_component id="oc-187">
         <name>.debug_line</name>
         <load_address>0x230</load_address>
         <run_address>0x230</run_address>
         <size>0x53</size>
         <input_file_ref idref="fl-2"/>
      </object_component>
      <object_component id="oc-189">
         <name>.debug_line</name>
         <load_address>0x283</load_address>
         <run_address>0x283</run_address>
         <size>0x53</size>
         <input_file_ref idref="fl-2"/>
      </object_component>
      <object_component id="oc-c0">
         <name>.debug_line</name>
         <load_address>0x2d6</load_address>
         <run_address>0x2d6</run_address>
         <size>0xecf</size>
         <input_file_ref idref="fl-2"/>
      </object_component>
      <object_component id="oc-191">
         <name>.debug_line</name>
         <load_address>0x11a5</load_address>
         <run_address>0x11a5</run_address>
         <size>0x5c</size>
         <input_file_ref idref="fl-2"/>
      </object_component>
      <object_component id="oc-7d">
         <name>.debug_line</name>
         <load_address>0x1201</load_address>
         <run_address>0x1201</run_address>
         <size>0x20</size>
         <input_file_ref idref="fl-2"/>
      </object_component>
      <object_component id="oc-f1">
         <name>.debug_line</name>
         <load_address>0x1221</load_address>
         <run_address>0x1221</run_address>
         <size>0x6d</size>
         <input_file_ref idref="fl-2"/>
      </object_component>
      <object_component id="oc-134">
         <name>.debug_line</name>
         <load_address>0x128e</load_address>
         <run_address>0x128e</run_address>
         <size>0x53</size>
         <input_file_ref idref="fl-2"/>
      </object_component>
      <object_component id="oc-16d">
         <name>.debug_line</name>
         <load_address>0x12e1</load_address>
         <run_address>0x12e1</run_address>
         <size>0x87</size>
         <input_file_ref idref="fl-4"/>
      </object_component>
      <object_component id="oc-174">
         <name>.debug_line</name>
         <load_address>0x1368</load_address>
         <run_address>0x1368</run_address>
         <size>0x2d</size>
         <input_file_ref idref="fl-4"/>
      </object_component>
      <object_component id="oc-9e">
         <name>.debug_line</name>
         <load_address>0x1395</load_address>
         <run_address>0x1395</run_address>
         <size>0x350</size>
         <input_file_ref idref="fl-4"/>
      </object_component>
      <object_component id="oc-171">
         <name>.debug_line</name>
         <load_address>0x16e5</load_address>
         <run_address>0x16e5</run_address>
         <size>0x2e</size>
         <input_file_ref idref="fl-4"/>
      </object_component>
      <object_component id="oc-178">
         <name>.debug_line</name>
         <load_address>0x1713</load_address>
         <run_address>0x1713</run_address>
         <size>0x2d</size>
         <input_file_ref idref="fl-4"/>
      </object_component>
      <object_component id="oc-eb">
         <name>.debug_line</name>
         <load_address>0x1740</load_address>
         <run_address>0x1740</run_address>
         <size>0x98</size>
         <input_file_ref idref="fl-5"/>
      </object_component>
      <object_component id="oc-194">
         <name>.debug_line</name>
         <load_address>0x17d8</load_address>
         <run_address>0x17d8</run_address>
         <size>0x58</size>
         <input_file_ref idref="fl-6"/>
      </object_component>
      <object_component id="oc-196">
         <name>.debug_line</name>
         <load_address>0x1830</load_address>
         <run_address>0x1830</run_address>
         <size>0x2e</size>
         <input_file_ref idref="fl-6"/>
      </object_component>
      <object_component id="oc-198">
         <name>.debug_line</name>
         <load_address>0x185e</load_address>
         <run_address>0x185e</run_address>
         <size>0x2e</size>
         <input_file_ref idref="fl-6"/>
      </object_component>
      <object_component id="oc-c6">
         <name>.debug_line</name>
         <load_address>0x188c</load_address>
         <run_address>0x188c</run_address>
         <size>0x8fd</size>
         <input_file_ref idref="fl-6"/>
      </object_component>
      <object_component id="oc-156">
         <name>.debug_line</name>
         <load_address>0x2189</load_address>
         <run_address>0x2189</run_address>
         <size>0x2e</size>
         <input_file_ref idref="fl-6"/>
      </object_component>
      <object_component id="oc-cc">
         <name>.debug_line</name>
         <load_address>0x21b7</load_address>
         <run_address>0x21b7</run_address>
         <size>0x55a</size>
         <input_file_ref idref="fl-7"/>
      </object_component>
      <object_component id="oc-19b">
         <name>.debug_line</name>
         <load_address>0x2711</load_address>
         <run_address>0x2711</run_address>
         <size>0x55</size>
         <input_file_ref idref="fl-8"/>
      </object_component>
      <object_component id="oc-d2">
         <name>.debug_line</name>
         <load_address>0x2766</load_address>
         <run_address>0x2766</run_address>
         <size>0x1e8</size>
         <input_file_ref idref="fl-8"/>
      </object_component>
      <object_component id="oc-19f">
         <name>.debug_line</name>
         <load_address>0x294e</load_address>
         <run_address>0x294e</run_address>
         <size>0x2b</size>
         <input_file_ref idref="fl-8"/>
      </object_component>
      <object_component id="oc-15d">
         <name>.debug_line</name>
         <load_address>0x2979</load_address>
         <run_address>0x2979</run_address>
         <size>0x5f</size>
         <input_file_ref idref="fl-9"/>
      </object_component>
      <object_component id="oc-28">
         <name>.debug_line</name>
         <load_address>0x29d8</load_address>
         <run_address>0x29d8</run_address>
         <size>0x53</size>
         <input_file_ref idref="fl-c3"/>
      </object_component>
      <object_component id="oc-79">
         <name>.debug_line</name>
         <load_address>0x2a2b</load_address>
         <run_address>0x2a2b</run_address>
         <size>0xa5</size>
         <input_file_ref idref="fl-c4"/>
      </object_component>
      <object_component id="oc-16">
         <name>.debug_line</name>
         <load_address>0x2ad0</load_address>
         <run_address>0x2ad0</run_address>
         <size>0x55</size>
         <input_file_ref idref="fl-c4"/>
      </object_component>
      <object_component id="oc-34">
         <name>.debug_line</name>
         <load_address>0x2b25</load_address>
         <run_address>0x2b25</run_address>
         <size>0x3a</size>
         <input_file_ref idref="fl-c4"/>
      </object_component>
      <object_component id="oc-76">
         <name>.debug_line</name>
         <load_address>0x2b5f</load_address>
         <run_address>0x2b5f</run_address>
         <size>0xa5</size>
         <input_file_ref idref="fl-c4"/>
      </object_component>
      <object_component id="oc-81">
         <name>.debug_line</name>
         <load_address>0x2c04</load_address>
         <run_address>0x2c04</run_address>
         <size>0xa5</size>
         <input_file_ref idref="fl-c5"/>
      </object_component>
      <object_component id="oc-3c">
         <name>.debug_line</name>
         <load_address>0x2ca9</load_address>
         <run_address>0x2ca9</run_address>
         <size>0x98</size>
         <input_file_ref idref="fl-c5"/>
      </object_component>
      <object_component id="oc-1a">
         <name>.debug_line</name>
         <load_address>0x2d41</load_address>
         <run_address>0x2d41</run_address>
         <size>0x4b</size>
         <input_file_ref idref="fl-c5"/>
      </object_component>
      <object_component id="oc-42">
         <name>.debug_line</name>
         <load_address>0x2d8c</load_address>
         <run_address>0x2d8c</run_address>
         <size>0x39</size>
         <input_file_ref idref="fl-c5"/>
      </object_component>
      <object_component id="oc-85">
         <name>.debug_line</name>
         <load_address>0x2dc5</load_address>
         <run_address>0x2dc5</run_address>
         <size>0xa5</size>
         <input_file_ref idref="fl-c5"/>
      </object_component>
      <object_component id="oc-107">
         <name>.debug_line</name>
         <load_address>0x2e6a</load_address>
         <run_address>0x2e6a</run_address>
         <size>0x128</size>
         <input_file_ref idref="fl-c7"/>
      </object_component>
      <object_component id="oc-fb">
         <name>.debug_line</name>
         <load_address>0x2f92</load_address>
         <run_address>0x2f92</run_address>
         <size>0x2a</size>
         <input_file_ref idref="fl-c7"/>
      </object_component>
      <object_component id="oc-6a">
         <name>.debug_line</name>
         <load_address>0x2fbc</load_address>
         <run_address>0x2fbc</run_address>
         <size>0x86</size>
         <input_file_ref idref="fl-c7"/>
      </object_component>
      <object_component id="oc-2c">
         <name>.debug_line</name>
         <load_address>0x3042</load_address>
         <run_address>0x3042</run_address>
         <size>0x88</size>
         <input_file_ref idref="fl-c8"/>
      </object_component>
      <object_component id="oc-48">
         <name>.debug_line</name>
         <load_address>0x30ca</load_address>
         <run_address>0x30ca</run_address>
         <size>0x79</size>
         <input_file_ref idref="fl-c9"/>
      </object_component>
      <object_component id="oc-54">
         <name>.debug_line</name>
         <load_address>0x3143</load_address>
         <run_address>0x3143</run_address>
         <size>0x3d</size>
         <input_file_ref idref="fl-ca"/>
      </object_component>
      <object_component id="oc-5a">
         <name>.debug_line</name>
         <load_address>0x3180</load_address>
         <run_address>0x3180</run_address>
         <size>0x40</size>
         <input_file_ref idref="fl-cb"/>
      </object_component>
      <object_component id="oc-ac">
         <name>.debug_line</name>
         <load_address>0x31c0</load_address>
         <run_address>0x31c0</run_address>
         <size>0x33</size>
         <input_file_ref idref="fl-cc"/>
      </object_component>
      <object_component id="oc-17d">
         <name>.debug_line</name>
         <load_address>0x31f3</load_address>
         <run_address>0x31f3</run_address>
         <size>0x20</size>
         <input_file_ref idref="fl-cd"/>
      </object_component>
      <object_component id="oc-103">
         <name>.debug_line</name>
         <load_address>0x3213</load_address>
         <run_address>0x3213</run_address>
         <size>0x2b</size>
         <input_file_ref idref="fl-cd"/>
      </object_component>
      <object_component id="oc-100">
         <name>.debug_line</name>
         <load_address>0x323e</load_address>
         <run_address>0x323e</run_address>
         <size>0x68</size>
         <input_file_ref idref="fl-cd"/>
      </object_component>
      <object_component id="oc-f4">
         <name>.debug_line</name>
         <load_address>0x32a6</load_address>
         <run_address>0x32a6</run_address>
         <size>0x2b</size>
         <input_file_ref idref="fl-ce"/>
      </object_component>
      <object_component id="oc-66">
         <name>.debug_line</name>
         <load_address>0x32d1</load_address>
         <run_address>0x32d1</run_address>
         <size>0x50</size>
         <input_file_ref idref="fl-ce"/>
      </object_component>
      <object_component id="oc-f8">
         <name>.debug_line</name>
         <load_address>0x3321</load_address>
         <run_address>0x3321</run_address>
         <size>0x2b</size>
         <input_file_ref idref="fl-ce"/>
      </object_component>
      <object_component id="oc-b1">
         <name>.debug_line</name>
         <load_address>0x334c</load_address>
         <run_address>0x334c</run_address>
         <size>0xc4</size>
         <input_file_ref idref="fl-cf"/>
      </object_component>
      <object_component id="oc-60">
         <name>.debug_line</name>
         <load_address>0x3410</load_address>
         <run_address>0x3410</run_address>
         <size>0x8b</size>
         <input_file_ref idref="fl-cf"/>
      </object_component>
      <object_component id="oc-b5">
         <name>.debug_line</name>
         <load_address>0x349b</load_address>
         <run_address>0x349b</run_address>
         <size>0x2e</size>
         <input_file_ref idref="fl-cf"/>
      </object_component>
      <object_component id="oc-ba">
         <name>.debug_line</name>
         <load_address>0x34c9</load_address>
         <run_address>0x34c9</run_address>
         <size>0xa6</size>
         <input_file_ref idref="fl-cf"/>
      </object_component>
      <object_component id="oc-109">
         <name>.debug_line</name>
         <load_address>0x356f</load_address>
         <run_address>0x356f</run_address>
         <size>0xb3</size>
         <input_file_ref idref="fl-d0"/>
      </object_component>
      <object_component id="oc-90">
         <name>.debug_line</name>
         <load_address>0x3622</load_address>
         <run_address>0x3622</run_address>
         <size>0x68</size>
         <input_file_ref idref="fl-d0"/>
      </object_component>
      <object_component id="oc-10d">
         <name>.debug_line</name>
         <load_address>0x368a</load_address>
         <run_address>0x368a</run_address>
         <size>0x2e</size>
         <input_file_ref idref="fl-d0"/>
      </object_component>
      <object_component id="oc-97">
         <name>.debug_line</name>
         <load_address>0x36b8</load_address>
         <run_address>0x36b8</run_address>
         <size>0x3c</size>
         <input_file_ref idref="fl-d1"/>
      </object_component>
      <object_component id="oc-c1">
         <name>.debug_frame</name>
         <load_address>0x0</load_address>
         <run_address>0x0</run_address>
         <size>0x862</size>
         <input_file_ref idref="fl-2"/>
      </object_component>
      <object_component id="oc-9f">
         <name>.debug_frame</name>
         <load_address>0x862</load_address>
         <run_address>0x862</run_address>
         <size>0x192</size>
         <input_file_ref idref="fl-4"/>
      </object_component>
      <object_component id="oc-ec">
         <name>.debug_frame</name>
         <load_address>0x9f4</load_address>
         <run_address>0x9f4</run_address>
         <size>0x98</size>
         <input_file_ref idref="fl-5"/>
      </object_component>
      <object_component id="oc-c7">
         <name>.debug_frame</name>
         <load_address>0xa8c</load_address>
         <run_address>0xa8c</run_address>
         <size>0x42d</size>
         <input_file_ref idref="fl-6"/>
      </object_component>
      <object_component id="oc-cd">
         <name>.debug_frame</name>
         <load_address>0xeb9</load_address>
         <run_address>0xeb9</run_address>
         <size>0x404</size>
         <input_file_ref idref="fl-7"/>
      </object_component>
      <object_component id="oc-d3">
         <name>.debug_frame</name>
         <load_address>0x12bd</load_address>
         <run_address>0x12bd</run_address>
         <size>0x1aa</size>
         <input_file_ref idref="fl-8"/>
      </object_component>
      <object_component id="oc-17">
         <name>.debug_frame</name>
         <load_address>0x1467</load_address>
         <run_address>0x1467</run_address>
         <size>0x7f</size>
         <input_file_ref idref="fl-c4"/>
      </object_component>
      <object_component id="oc-3b">
         <name>.debug_frame</name>
         <load_address>0x14e6</load_address>
         <run_address>0x14e6</run_address>
         <size>0x8e</size>
         <input_file_ref idref="fl-c5"/>
      </object_component>
      <object_component id="oc-1b">
         <name>.debug_frame</name>
         <load_address>0x1574</load_address>
         <run_address>0x1574</run_address>
         <size>0x7f</size>
         <input_file_ref idref="fl-c5"/>
      </object_component>
      <object_component id="oc-69">
         <name>.debug_frame</name>
         <load_address>0x15f3</load_address>
         <run_address>0x15f3</run_address>
         <size>0xb3</size>
         <input_file_ref idref="fl-c7"/>
      </object_component>
      <object_component id="oc-55">
         <name>.debug_frame</name>
         <load_address>0x16a6</load_address>
         <run_address>0x16a6</run_address>
         <size>0x7f</size>
         <input_file_ref idref="fl-ca"/>
      </object_component>
      <object_component id="oc-5b">
         <name>.debug_frame</name>
         <load_address>0x1725</load_address>
         <run_address>0x1725</run_address>
         <size>0x7f</size>
         <input_file_ref idref="fl-cb"/>
      </object_component>
      <object_component id="oc-101">
         <name>.debug_frame</name>
         <load_address>0x17a4</load_address>
         <run_address>0x17a4</run_address>
         <size>0xa1</size>
         <input_file_ref idref="fl-cd"/>
      </object_component>
      <object_component id="oc-67">
         <name>.debug_frame</name>
         <load_address>0x1845</load_address>
         <run_address>0x1845</run_address>
         <size>0x7f</size>
         <input_file_ref idref="fl-ce"/>
      </object_component>
      <object_component id="oc-61">
         <name>.debug_frame</name>
         <load_address>0x18c4</load_address>
         <run_address>0x18c4</run_address>
         <size>0x8a</size>
         <input_file_ref idref="fl-cf"/>
      </object_component>
      <object_component id="oc-91">
         <name>.debug_frame</name>
         <load_address>0x194e</load_address>
         <run_address>0x194e</run_address>
         <size>0x8e</size>
         <input_file_ref idref="fl-d0"/>
      </object_component>
      <object_component id="oc-93">
         <name>.debug_frame</name>
         <load_address>0x19dc</load_address>
         <run_address>0x19dc</run_address>
         <size>0x7f</size>
         <input_file_ref idref="fl-d1"/>
      </object_component>
      <object_component id="oc-18c">
         <name>.debug_abbrev</name>
         <load_address>0x0</load_address>
         <run_address>0x0</run_address>
         <size>0xe2</size>
         <input_file_ref idref="fl-2"/>
      </object_component>
      <object_component id="oc-180">
         <name>.debug_abbrev</name>
         <load_address>0xe2</load_address>
         <run_address>0xe2</run_address>
         <size>0x51</size>
         <input_file_ref idref="fl-2"/>
      </object_component>
      <object_component id="oc-17e">
         <name>.debug_abbrev</name>
         <load_address>0x133</load_address>
         <run_address>0x133</run_address>
         <size>0x27</size>
         <input_file_ref idref="fl-2"/>
      </object_component>
      <object_component id="oc-18a">
         <name>.debug_abbrev</name>
         <load_address>0x15a</load_address>
         <run_address>0x15a</run_address>
         <size>0x27</size>
         <input_file_ref idref="fl-2"/>
      </object_component>
      <object_component id="oc-182">
         <name>.debug_abbrev</name>
         <load_address>0x181</load_address>
         <run_address>0x181</run_address>
         <size>0x27</size>
         <input_file_ref idref="fl-2"/>
      </object_component>
      <object_component id="oc-184">
         <name>.debug_abbrev</name>
         <load_address>0x1a8</load_address>
         <run_address>0x1a8</run_address>
         <size>0x27</size>
         <input_file_ref idref="fl-2"/>
      </object_component>
      <object_component id="oc-186">
         <name>.debug_abbrev</name>
         <load_address>0x1cf</load_address>
         <run_address>0x1cf</run_address>
         <size>0x27</size>
         <input_file_ref idref="fl-2"/>
      </object_component>
      <object_component id="oc-188">
         <name>.debug_abbrev</name>
         <load_address>0x1f6</load_address>
         <run_address>0x1f6</run_address>
         <size>0x27</size>
         <input_file_ref idref="fl-2"/>
      </object_component>
      <object_component id="oc-130">
         <name>.debug_abbrev</name>
         <load_address>0x21d</load_address>
         <run_address>0x21d</run_address>
         <size>0x197</size>
         <input_file_ref idref="fl-2"/>
      </object_component>
      <object_component id="oc-190">
         <name>.debug_abbrev</name>
         <load_address>0x3b4</load_address>
         <run_address>0x3b4</run_address>
         <size>0x97</size>
         <input_file_ref idref="fl-2"/>
      </object_component>
      <object_component id="oc-7c">
         <name>.debug_abbrev</name>
         <load_address>0x44b</load_address>
         <run_address>0x44b</run_address>
         <size>0x1f</size>
         <input_file_ref idref="fl-2"/>
      </object_component>
      <object_component id="oc-f0">
         <name>.debug_abbrev</name>
         <load_address>0x46a</load_address>
         <run_address>0x46a</run_address>
         <size>0x35</size>
         <input_file_ref idref="fl-2"/>
      </object_component>
      <object_component id="oc-133">
         <name>.debug_abbrev</name>
         <load_address>0x49f</load_address>
         <run_address>0x49f</run_address>
         <size>0x33</size>
         <input_file_ref idref="fl-2"/>
      </object_component>
      <object_component id="oc-16c">
         <name>.debug_abbrev</name>
         <load_address>0x4d2</load_address>
         <run_address>0x4d2</run_address>
         <size>0x12a</size>
         <input_file_ref idref="fl-4"/>
      </object_component>
      <object_component id="oc-173">
         <name>.debug_abbrev</name>
         <load_address>0x5fc</load_address>
         <run_address>0x5fc</run_address>
         <size>0x29</size>
         <input_file_ref idref="fl-4"/>
      </object_component>
      <object_component id="oc-ed">
         <name>.debug_abbrev</name>
         <load_address>0x625</load_address>
         <run_address>0x625</run_address>
         <size>0x10e</size>
         <input_file_ref idref="fl-4"/>
      </object_component>
      <object_component id="oc-170">
         <name>.debug_abbrev</name>
         <load_address>0x733</load_address>
         <run_address>0x733</run_address>
         <size>0x33</size>
         <input_file_ref idref="fl-4"/>
      </object_component>
      <object_component id="oc-177">
         <name>.debug_abbrev</name>
         <load_address>0x766</load_address>
         <run_address>0x766</run_address>
         <size>0x33</size>
         <input_file_ref idref="fl-4"/>
      </object_component>
      <object_component id="oc-17a">
         <name>.debug_abbrev</name>
         <load_address>0x799</load_address>
         <run_address>0x799</run_address>
         <size>0x7f</size>
         <input_file_ref idref="fl-5"/>
      </object_component>
      <object_component id="oc-193">
         <name>.debug_abbrev</name>
         <load_address>0x818</load_address>
         <run_address>0x818</run_address>
         <size>0x12b</size>
         <input_file_ref idref="fl-6"/>
      </object_component>
      <object_component id="oc-195">
         <name>.debug_abbrev</name>
         <load_address>0x943</load_address>
         <run_address>0x943</run_address>
         <size>0x29</size>
         <input_file_ref idref="fl-6"/>
      </object_component>
      <object_component id="oc-197">
         <name>.debug_abbrev</name>
         <load_address>0x96c</load_address>
         <run_address>0x96c</run_address>
         <size>0x29</size>
         <input_file_ref idref="fl-6"/>
      </object_component>
      <object_component id="oc-152">
         <name>.debug_abbrev</name>
         <load_address>0x995</load_address>
         <run_address>0x995</run_address>
         <size>0x13d</size>
         <input_file_ref idref="fl-6"/>
      </object_component>
      <object_component id="oc-155">
         <name>.debug_abbrev</name>
         <load_address>0xad2</load_address>
         <run_address>0xad2</run_address>
         <size>0x33</size>
         <input_file_ref idref="fl-6"/>
      </object_component>
      <object_component id="oc-158">
         <name>.debug_abbrev</name>
         <load_address>0xb05</load_address>
         <run_address>0xb05</run_address>
         <size>0xf8</size>
         <input_file_ref idref="fl-7"/>
      </object_component>
      <object_component id="oc-19a">
         <name>.debug_abbrev</name>
         <load_address>0xbfd</load_address>
         <run_address>0xbfd</run_address>
         <size>0xd4</size>
         <input_file_ref idref="fl-8"/>
      </object_component>
      <object_component id="oc-16b">
         <name>.debug_abbrev</name>
         <load_address>0xcd1</load_address>
         <run_address>0xcd1</run_address>
         <size>0xb8</size>
         <input_file_ref idref="fl-8"/>
      </object_component>
      <object_component id="oc-19e">
         <name>.debug_abbrev</name>
         <load_address>0xd89</load_address>
         <run_address>0xd89</run_address>
         <size>0x4b</size>
         <input_file_ref idref="fl-8"/>
      </object_component>
      <object_component id="oc-199">
         <name>.debug_abbrev</name>
         <load_address>0xdd4</load_address>
         <run_address>0xdd4</run_address>
         <size>0x49</size>
         <input_file_ref idref="fl-9"/>
      </object_component>
      <object_component id="oc-71">
         <name>.debug_abbrev</name>
         <load_address>0xe1d</load_address>
         <run_address>0xe1d</run_address>
         <size>0x3e</size>
         <input_file_ref idref="fl-c3"/>
      </object_component>
      <object_component id="oc-78">
         <name>.debug_abbrev</name>
         <load_address>0xe5b</load_address>
         <run_address>0xe5b</run_address>
         <size>0x52</size>
         <input_file_ref idref="fl-c4"/>
      </object_component>
      <object_component id="oc-30">
         <name>.debug_abbrev</name>
         <load_address>0xead</load_address>
         <run_address>0xead</run_address>
         <size>0x74</size>
         <input_file_ref idref="fl-c4"/>
      </object_component>
      <object_component id="oc-33">
         <name>.debug_abbrev</name>
         <load_address>0xf21</load_address>
         <run_address>0xf21</run_address>
         <size>0x24</size>
         <input_file_ref idref="fl-c4"/>
      </object_component>
      <object_component id="oc-75">
         <name>.debug_abbrev</name>
         <load_address>0xf45</load_address>
         <run_address>0xf45</run_address>
         <size>0x24</size>
         <input_file_ref idref="fl-c4"/>
      </object_component>
      <object_component id="oc-80">
         <name>.debug_abbrev</name>
         <load_address>0xf69</load_address>
         <run_address>0xf69</run_address>
         <size>0x52</size>
         <input_file_ref idref="fl-c5"/>
      </object_component>
      <object_component id="oc-7f">
         <name>.debug_abbrev</name>
         <load_address>0xfbb</load_address>
         <run_address>0xfbb</run_address>
         <size>0x7b</size>
         <input_file_ref idref="fl-c5"/>
      </object_component>
      <object_component id="oc-3d">
         <name>.debug_abbrev</name>
         <load_address>0x1036</load_address>
         <run_address>0x1036</run_address>
         <size>0x66</size>
         <input_file_ref idref="fl-c5"/>
      </object_component>
      <object_component id="oc-41">
         <name>.debug_abbrev</name>
         <load_address>0x109c</load_address>
         <run_address>0x109c</run_address>
         <size>0x24</size>
         <input_file_ref idref="fl-c5"/>
      </object_component>
      <object_component id="oc-84">
         <name>.debug_abbrev</name>
         <load_address>0x10c0</load_address>
         <run_address>0x10c0</run_address>
         <size>0x24</size>
         <input_file_ref idref="fl-c5"/>
      </object_component>
      <object_component id="oc-106">
         <name>.debug_abbrev</name>
         <load_address>0x10e4</load_address>
         <run_address>0x10e4</run_address>
         <size>0xa8</size>
         <input_file_ref idref="fl-c7"/>
      </object_component>
      <object_component id="oc-fa">
         <name>.debug_abbrev</name>
         <load_address>0x118c</load_address>
         <run_address>0x118c</run_address>
         <size>0x29</size>
         <input_file_ref idref="fl-c7"/>
      </object_component>
      <object_component id="oc-a8">
         <name>.debug_abbrev</name>
         <load_address>0x11b5</load_address>
         <run_address>0x11b5</run_address>
         <size>0xba</size>
         <input_file_ref idref="fl-c7"/>
      </object_component>
      <object_component id="oc-72">
         <name>.debug_abbrev</name>
         <load_address>0x126f</load_address>
         <run_address>0x126f</run_address>
         <size>0x3e</size>
         <input_file_ref idref="fl-c8"/>
      </object_component>
      <object_component id="oc-87">
         <name>.debug_abbrev</name>
         <load_address>0x12ad</load_address>
         <run_address>0x12ad</run_address>
         <size>0x4f</size>
         <input_file_ref idref="fl-c9"/>
      </object_component>
      <object_component id="oc-8a">
         <name>.debug_abbrev</name>
         <load_address>0x12fc</load_address>
         <run_address>0x12fc</run_address>
         <size>0x53</size>
         <input_file_ref idref="fl-ca"/>
      </object_component>
      <object_component id="oc-8b">
         <name>.debug_abbrev</name>
         <load_address>0x134f</load_address>
         <run_address>0x134f</run_address>
         <size>0x55</size>
         <input_file_ref idref="fl-cb"/>
      </object_component>
      <object_component id="oc-ab">
         <name>.debug_abbrev</name>
         <load_address>0x13a4</load_address>
         <run_address>0x13a4</run_address>
         <size>0x27</size>
         <input_file_ref idref="fl-cc"/>
      </object_component>
      <object_component id="oc-17c">
         <name>.debug_abbrev</name>
         <load_address>0x13cb</load_address>
         <run_address>0x13cb</run_address>
         <size>0x45</size>
         <input_file_ref idref="fl-cd"/>
      </object_component>
      <object_component id="oc-102">
         <name>.debug_abbrev</name>
         <load_address>0x1410</load_address>
         <run_address>0x1410</run_address>
         <size>0x29</size>
         <input_file_ref idref="fl-cd"/>
      </object_component>
      <object_component id="oc-17b">
         <name>.debug_abbrev</name>
         <load_address>0x1439</load_address>
         <run_address>0x1439</run_address>
         <size>0x6f</size>
         <input_file_ref idref="fl-cd"/>
      </object_component>
      <object_component id="oc-f3">
         <name>.debug_abbrev</name>
         <load_address>0x14a8</load_address>
         <run_address>0x14a8</run_address>
         <size>0x8e</size>
         <input_file_ref idref="fl-ce"/>
      </object_component>
      <object_component id="oc-a0">
         <name>.debug_abbrev</name>
         <load_address>0x1536</load_address>
         <run_address>0x1536</run_address>
         <size>0x68</size>
         <input_file_ref idref="fl-ce"/>
      </object_component>
      <object_component id="oc-f7">
         <name>.debug_abbrev</name>
         <load_address>0x159e</load_address>
         <run_address>0x159e</run_address>
         <size>0x49</size>
         <input_file_ref idref="fl-ce"/>
      </object_component>
      <object_component id="oc-b0">
         <name>.debug_abbrev</name>
         <load_address>0x15e7</load_address>
         <run_address>0x15e7</run_address>
         <size>0xae</size>
         <input_file_ref idref="fl-cf"/>
      </object_component>
      <object_component id="oc-98">
         <name>.debug_abbrev</name>
         <load_address>0x1695</load_address>
         <run_address>0x1695</run_address>
         <size>0x7e</size>
         <input_file_ref idref="fl-cf"/>
      </object_component>
      <object_component id="oc-b4">
         <name>.debug_abbrev</name>
         <load_address>0x1713</load_address>
         <run_address>0x1713</run_address>
         <size>0x24</size>
         <input_file_ref idref="fl-cf"/>
      </object_component>
      <object_component id="oc-b9">
         <name>.debug_abbrev</name>
         <load_address>0x1737</load_address>
         <run_address>0x1737</run_address>
         <size>0x4b</size>
         <input_file_ref idref="fl-cf"/>
      </object_component>
      <object_component id="oc-108">
         <name>.debug_abbrev</name>
         <load_address>0x1782</load_address>
         <run_address>0x1782</run_address>
         <size>0x9c</size>
         <input_file_ref idref="fl-d0"/>
      </object_component>
      <object_component id="oc-ad">
         <name>.debug_abbrev</name>
         <load_address>0x181e</load_address>
         <run_address>0x181e</run_address>
         <size>0x8c</size>
         <input_file_ref idref="fl-d0"/>
      </object_component>
      <object_component id="oc-10c">
         <name>.debug_abbrev</name>
         <load_address>0x18aa</load_address>
         <run_address>0x18aa</run_address>
         <size>0x24</size>
         <input_file_ref idref="fl-d0"/>
      </object_component>
      <object_component id="oc-af">
         <name>.debug_abbrev</name>
         <load_address>0x18ce</load_address>
         <run_address>0x18ce</run_address>
         <size>0x53</size>
         <input_file_ref idref="fl-d1"/>
      </object_component>
      <object_component id="oc-1ca">
         <name>.debug_abbrev</name>
         <load_address>0x1921</load_address>
         <run_address>0x1921</run_address>
         <size>0xf</size>
      </object_component>
      <object_component id="oc-192">
         <name>.debug_str</name>
         <load_address>0x0</load_address>
         <run_address>0x0</run_address>
         <size>0x47c</size>
         <input_file_ref idref="fl-2"/>
      </object_component>
      <object_component id="oc-7e">
         <name>.debug_str</name>
         <load_address>0x47c</load_address>
         <run_address>0x47c</run_address>
         <size>0xfb</size>
         <input_file_ref idref="fl-2"/>
      </object_component>
      <object_component id="oc-f2">
         <name>.debug_str</name>
         <load_address>0x577</load_address>
         <run_address>0x577</run_address>
         <size>0x226</size>
         <input_file_ref idref="fl-2"/>
      </object_component>
      <object_component id="oc-135">
         <name>.debug_str</name>
         <load_address>0x79d</load_address>
         <run_address>0x79d</run_address>
         <size>0x103</size>
         <input_file_ref idref="fl-2"/>
      </object_component>
      <object_component id="oc-172">
         <name>.debug_str</name>
         <load_address>0x8a0</load_address>
         <run_address>0x8a0</run_address>
         <size>0xc2</size>
         <input_file_ref idref="fl-4"/>
      </object_component>
[...]
         <name>TExaS_Task0</name>
         <value>0x3461</value>
         <object_component_ref idref="oc-c2"/>
      </symbol>
      <symbol id="sm-543">
         <name>TExaS_Task1</name>
         <value>0x3493</value>
         <object_component_ref idref="oc-c2"/>
      </symbol>
      <symbol id="sm-544">
         <name>TExaS_Task2</name>
         <value>0x34c7</value>
         <object_component_ref idref="oc-c2"/>
      </symbol>
      <symbol id="sm-545">
         <name>TExaS_Task3</name>
         <value>0x34fd</value>
         <object_component_ref idref="oc-c2"/>
      </symbol>
      <symbol id="sm-546">
         <name>TExaS_Task4</name>
         <value>0x3529</value>
         <object_component_ref idref="oc-c2"/>
      </symbol>
      <symbol id="sm-547">
         <name>TExaS_Task5</name>
         <value>0x355d</value>
         <object_component_ref idref="oc-c2"/>
      </symbol>
      <symbol id="sm-548">
         <name>UART_InString</name>
         <value>0x33e1</value>
         <object_component_ref idref="oc-c2"/>
      </symbol>
      <symbol id="sm-549">
         <name>UART_OutString</name>
         <value>0x2d19</value>
         <object_component_ref idref="oc-c2"/>
      </symbol>
      <symbol id="sm-54a">
         <name>UART_OutUDec4</name>
         <value>0x31b9</value>
         <object_component_ref idref="oc-c2"/>
      </symbol>
      <symbol id="sm-54b">
         <name>UART_OutUDec5</name>
         <value>0x31ed</value>
         <object_component_ref idref="oc-c2"/>
      </symbol>
      <symbol id="sm-54c">
         <name>UART_OutUDec6</name>
         <value>0x3223</value>
         <object_component_ref idref="oc-c2"/>
      </symbol>
      <symbol id="sm-54d">
         <name>UART_OutUDec7</name>
         <value>0x3291</value>
         <object_component_ref idref="oc-c2"/>
      </symbol>
      <symbol id="sm-54e">
         <name>PeriodicTask2_Stop</name>
         <value>0x2be5</value>
         <object_component_ref idref="oc-c2"/>
      </symbol>
      <symbol id="sm-54f">
         <name>TA3_0_IRQHandler</name>
         <value>0x2bd1</value>
         <object_component_ref idref="oc-c2"/>
      </symbol>
      <symbol id="sm-550">
         <name>TExaS_Init</name>
         <value>0x2c01</value>
         <object_component_ref idref="oc-c2"/>
      </symbol>
      <symbol id="sm-551">
         <name>UART_InChar</name>
         <value>0x2cbf</value>
         <object_component_ref idref="oc-c2"/>
      </symbol>
      <symbol id="sm-552">
         <name>LogicAnalyzer</name>
         <value>0x23fd</value>
         <object_component_ref idref="oc-c2"/>
      </symbol>
      <symbol id="sm-553">
         <name>RealTimeResults</name>
         <value>0x2407</value>
         <object_component_ref idref="oc-c2"/>
      </symbol>
      <symbol id="sm-554">
         <name>UART_InCharNonBlocking</name>
         <value>0x2ccf</value>
         <object_component_ref idref="oc-c2"/>
      </symbol>
      <symbol id="sm-555">
         <name>Scramble</name>
         <value>0x4d64</value>
         <object_component_ref idref="oc-14f"/>
      </symbol>
      <symbol id="sm-556">
         <name>UART_Init</name>
         <value>0x2c79</value>
         <object_component_ref idref="oc-c2"/>
      </symbol>
      <symbol id="sm-557">
         <name>UART_InUHex</name>
         <value>0x32d1</value>
         <object_component_ref idref="oc-c2"/>
      </symbol>
      <symbol id="sm-558">
         <name>UART_OutChar</name>
         <value>0x2ce3</value>
         <object_component_ref idref="oc-c2"/>
      </symbol>
      <symbol id="sm-5cf">
         <name>T32_INT2_IRQHandler</name>
         <value>0x44e1</value>
         <object_component_ref idref="oc-c8"/>
      </symbol>
      <symbol id="sm-5d0">
         <name>PendSV_Handler</name>
         <value>0x44a9</value>
         <object_component_ref idref="oc-c8"/>
      </symbol>
      <symbol id="sm-5d1">
         <name>EUSCIA3_IRQHandler</name>
         <value>0x44d3</value>
         <object_component_ref idref="oc-c8"/>
      </symbol>
      <symbol id="sm-5d2">
         <name>SVC_Handler</name>
         <value>0x44a5</value>
         <object_component_ref idref="oc-c8"/>
      </symbol>
      <symbol id="sm-5d3">
         <name>EUSCIB1_IRQHandler</name>
         <value>0x44d7</value>
         <object_component_ref idref="oc-c8"/>
      </symbol>
      <symbol id="sm-5d4">
         <name>PORT4_IRQHandler</name>
         <value>0x44f9</value>
         <object_component_ref idref="oc-c8"/>
      </symbol>
      <symbol id="sm-5d5">
         <name>AES256_IRQHandler</name>
         <value>0x44e5</value>
         <object_component_ref idref="oc-c8"/>
      </symbol>
      <symbol id="sm-5d6">
         <name>FPU_IRQHandler</name>
         <value>0x44b5</value>
         <object_component_ref idref="oc-c8"/>
      </symbol>
      <symbol id="sm-5d7">
         <name>EUSCIB2_IRQHandler</name>
         <value>0x44d9</value>
         <object_component_ref idref="oc-c8"/>
      </symbol>
      <symbol id="sm-5d8">
         <name>PORT1_IRQHandler</name>
         <value>0x44f3</value>
         <object_component_ref idref="oc-c8"/>
      </symbol>
      <symbol id="sm-5d9">
         <name>RTC_C_IRQHandler</name>
         <value>0x44e7</value>
         <object_component_ref idref="oc-c8"/>
      </symbol>
      <symbol id="sm-5da">
         <name>TA3_N_IRQHandler</name>
         <value>0x44cb</value>
         <object_component_ref idref="oc-c8"/>
      </symbol>
      <symbol id="sm-5db">
         <name>DMA_INT3_IRQHandler</name>
         <value>0x44eb</value>
         <object_component_ref idref="oc-c8"/>
      </symbol>
      <symbol id="sm-5dc">
         <name>PORT2_IRQHandler</name>
         <value>0x44f5</value>
         <object_component_ref idref="oc-c8"/>
      </symbol>
      <symbol id="sm-5dd">
         <name>StartCritical</name>
         <value>0x450b</value>
         <object_component_ref idref="oc-c8"/>
      </symbol>
      <symbol id="sm-5de">
         <name>TA0_0_IRQHandler</name>
         <value>0x44bd</value>
         <object_component_ref idref="oc-c8"/>
      </symbol>
      <symbol id="sm-5df">
         <name>PSS_IRQHandler</name>
         <value>0x44ad</value>
         <object_component_ref idref="oc-c8"/>
      </symbol>
      <symbol id="sm-5e0">
         <name>TA1_N_IRQHandler</name>
         <value>0x44c3</value>
         <object_component_ref idref="oc-c8"/>
      </symbol>
      <symbol id="sm-5e1">
         <name>EUSCIA1_IRQHandler</name>
         <value>0x44cf</value>
         <object_component_ref idref="oc-c8"/>
      </symbol>
      <symbol id="sm-5e2">
         <name>EUSCIA2_IRQHandler</name>
         <value>0x44d1</value>
         <object_component_ref idref="oc-c8"/>
      </symbol>
      <symbol id="sm-5e3">
         <name>COMP_E0_IRQHandler</name>
         <value>0x44b9</value>
         <object_component_ref idref="oc-c8"/>
      </symbol>
      <symbol id="sm-5e4">
         <name>WDT_A_IRQHandler</name>
         <value>0x44b3</value>
         <object_component_ref idref="oc-c8"/>
      </symbol>
      <symbol id="sm-5e5">
         <name>EUSCIB0_IRQHandler</name>
         <value>0x44d5</value>
         <object_component_ref idref="oc-c8"/>
      </symbol>
      <symbol id="sm-5e6">
         <name>FLCTL_IRQHandler</name>
         <value>0x44b7</value>
         <object_component_ref idref="oc-c8"/>
      </symbol>
      <symbol id="sm-5e7">
         <name>EndCritical</name>
         <value>0x4515</value>
         <object_component_ref idref="oc-c8"/>
      </symbol>
      <symbol id="sm-5e8">
         <name>DMA_INT1_IRQHandler</name>
         <value>0x44ef</value>
         <object_component_ref idref="oc-c8"/>
      </symbol>
      <symbol id="sm-5e9">
         <name>PCM_IRQHandler</name>
         <value>0x44b1</value>
         <object_component_ref idref="oc-c8"/>
      </symbol>
      <symbol id="sm-5ea">
         <name>ADC14_IRQHandler</name>
         <value>0x44dd</value>
         <object_component_ref idref="oc-c8"/>
      </symbol>
      <symbol id="sm-5eb">
         <name>T32_INTC_IRQHandler</name>
         <value>0x44e3</value>
         <object_component_ref idref="oc-c8"/>
      </symbol>
      <symbol id="sm-5ec">
         <name>DMA_INT2_IRQHandler</name>
         <value>0x44ed</value>
         <object_component_ref idref="oc-c8"/>
      </symbol>
      <symbol id="sm-5ed">
         <name>EUSCIA0_IRQHandler</name>
         <value>0x44cd</value>
         <object_component_ref idref="oc-c8"/>
      </symbol>
      <symbol id="sm-5ee">
         <name>DMA_ERR_IRQHandler</name>
         <value>0x44e9</value>
         <object_component_ref idref="oc-c8"/>
      </symbol>
      <symbol id="sm-5ef">
         <name>DisableInterrupts</name>
         <value>0x44ff</value>
         <object_component_ref idref="oc-c8"/>
      </symbol>
      <symbol id="sm-5f0">
         <name>PORT5_IRQHandler</name>
         <value>0x44fb</value>
         <object_component_ref idref="oc-c8"/>
      </symbol>
      <symbol id="sm-5f1">
         <name>TA2_N_IRQHandler</name>
         <value>0x44c7</value>
         <object_component_ref idref="oc-c8"/>
      </symbol>
      <symbol id="sm-5f2">
         <name>COMP_E1_IRQHandler</name>
         <value>0x44bb</value>
         <object_component_ref idref="oc-c8"/>
      </symbol>
      <symbol id="sm-5f3">
         <name>EUSCIB3_IRQHandler</name>
         <value>0x44db</value>
         <object_component_ref idref="oc-c8"/>
      </symbol>
      <symbol id="sm-5f4">
         <name>WaitForInterrupt</name>
         <value>0x451d</value>
         <object_component_ref idref="oc-c8"/>
      </symbol>
      <symbol id="sm-5f5">
         <name>EnableInterrupts</name>
         <value>0x4505</value>
         <object_component_ref idref="oc-c8"/>
      </symbol>
      <symbol id="sm-5f6">
         <name>PORT6_IRQHandler</name>
         <value>0x44fd</value>
         <object_component_ref idref="oc-c8"/>
      </symbol>
      <symbol id="sm-5f7">
         <name>TA0_N_IRQHandler</name>
         <value>0x44bf</value>
         <object_component_ref idref="oc-c8"/>
      </symbol>
      <symbol id="sm-5f8">
         <name>DebugMon_Handler</name>
         <value>0x44a7</value>
         <object_component_ref idref="oc-c8"/>
      </symbol>
      <symbol id="sm-5f9">
         <name>DMA_INT0_IRQHandler</name>
         <value>0x44f1</value>
         <object_component_ref idref="oc-c8"/>
      </symbol>
      <symbol id="sm-5fa">
         <name>PORT3_IRQHandler</name>
         <value>0x44f7</value>
         <object_component_ref idref="oc-c8"/>
      </symbol>
      <symbol id="sm-5fb">
         <name>CS_IRQHandler</name>
         <value>0x44af</value>
         <object_component_ref idref="oc-c8"/>
      </symbol>
      <symbol id="sm-64d">
         <name>tcbs</name>
         <value>0x200014a0</value>
      </symbol>
      <symbol id="sm-64e">
         <name>RunPt</name>
         <value>0x20001554</value>
      </symbol>
      <symbol id="sm-64f">
         <name>Stacks</name>
         <value>0x200007d0</value>
      </symbol>
      <symbol id="sm-650">
         <name>EventThreadCounter</name>
         <value>0x200014f4</value>
      </symbol>
      <symbol id="sm-651">
         <name>EventThreadPeriod1</name>
         <value>0x200014fc</value>
      </symbol>
      <symbol id="sm-652">
         <name>PeriodicEvent1</name>
         <value>0x2000153c</value>
      </symbol>
      <symbol id="sm-653">
         <name>EventThreadPeriod2</name>
         <value>0x20001500</value>
      </symbol>
      <symbol id="sm-654">
         <name>PeriodicEvent2</name>
         <value>0x20001540</value>
      </symbol>
      <symbol id="sm-655">
         <name>EventThreadMaxCount</name>
         <value>0x200014f8</value>
      </symbol>
      <symbol id="sm-656">
         <name>MailBoxValidData</name>
         <value>0x2000152c</value>
      </symbol>
      <symbol id="sm-657">
         <name>MailBox</name>
         <value>0x20001528</value>
      </symbol>
      <symbol id="sm-658">
         <name>OS_Wait</name>
         <value>0x419d</value>
         <object_component_ref idref="oc-ce"/>
      </symbol>
      <symbol id="sm-659">
         <name>OS_Launch</name>
         <value>0x40ff</value>
         <object_component_ref idref="oc-ce"/>
      </symbol>
      <symbol id="sm-65a">
         <name>Scheduler</name>
         <value>0x4133</value>
         <object_component_ref idref="oc-ce"/>
      </symbol>
      <symbol id="sm-65b">
         <name>OS_MailBox_Send</name>
         <value>0x420d</value>
         <object_component_ref idref="oc-ce"/>
      </symbol>
      <symbol id="sm-65c">
         <name>OS_AddThreads</name>
         <value>0x404d</value>
         <object_component_ref idref="oc-ce"/>
      </symbol>
      <symbol id="sm-65d">
         <name>OS_Init</name>
         <value>0x3f1b</value>
         <object_component_ref idref="oc-ce"/>
      </symbol>
      <symbol id="sm-65e">
         <name>OS_InitSemaphore</name>
         <value>0x418b</value>
         <object_component_ref idref="oc-ce"/>
      </symbol>
      <symbol id="sm-65f">
         <name>OS_MailBox_Init</name>
         <value>0x41e9</value>
         <object_component_ref idref="oc-ce"/>
      </symbol>
      <symbol id="sm-660">
         <name>DummyEventThread</name>
         <value>0x3f19</value>
         <object_component_ref idref="oc-ce"/>
      </symbol>
      <symbol id="sm-661">
         <name>OS_MailBox_Recv</name>
         <value>0x4229</value>
         <object_component_ref idref="oc-ce"/>
      </symbol>
      <symbol id="sm-662">
         <name>OS_Signal</name>
         <value>0x41cd</value>
         <object_component_ref idref="oc-ce"/>
      </symbol>
      <symbol id="sm-663">
         <name>OS_AddPeriodicEventThreads</name>
         <value>0x40bb</value>
         <object_component_ref idref="oc-ce"/>
      </symbol>
      <symbol id="sm-664">
         <name>SetInitialStack</name>
         <value>0x3f45</value>
         <object_component_ref idref="oc-ce"/>
      </symbol>
      <symbol id="sm-66f">
         <name>SysTick_Handler</name>
         <value>0x4725</value>
         <object_component_ref idref="oc-159"/>
      </symbol>
      <symbol id="sm-670">
         <name>StartOS</name>
         <value>0x474d</value>
         <object_component_ref idref="oc-159"/>
      </symbol>
      <symbol id="sm-681">
         <name>_c_int00</name>
         <value>0x4679</value>
         <object_component_ref idref="oc-24"/>
      </symbol>
      <symbol id="sm-682">
         <name>__stack</name>
         <value>0x2000fe00</value>
         <object_component_ref idref="oc-2a"/>
      </symbol>
      <symbol id="sm-699">
         <name>__TI_decompress_none</name>
         <value>0x47e5</value>
         <object_component_ref idref="oc-12"/>
      </symbol>
      <symbol id="sm-6c1">
         <name>__TI_decompress_rle24</name>
         <value>0x47f3</value>
         <object_component_ref idref="oc-18"/>
      </symbol>
      <symbol id="sm-6e3">
         <name>C$$EXIT</name>
         <value>0x46cd</value>
         <object_component_ref idref="oc-68"/>
      </symbol>
      <symbol id="sm-6e4">
         <name>abort</name>
         <value>0x46d1</value>
         <object_component_ref idref="oc-68"/>
      </symbol>
      <symbol id="sm-6e5">
         <name>exit</name>
         <value>0x46d9</value>
         <object_component_ref idref="oc-68"/>
      </symbol>
      <symbol id="sm-6e6">
         <name>__TI_dtors_ptr</name>
         <value>0x200015d4</value>
         <object_component_ref idref="oc-a2"/>
      </symbol>
      <symbol id="sm-6e7">
         <name>__TI_cleanup_ptr</name>
         <value>0x200015d0</value>
         <object_component_ref idref="oc-a2"/>
      </symbol>
      <symbol id="sm-6e8">
         <name>__TI_enable_exit_profile_output</name>
         <value>0x200015d8</value>
         <object_component_ref idref="oc-a2"/>
      </symbol>
      <symbol id="sm-703">
         <name>memcpy</name>
         <value>0x43ed</value>
         <object_component_ref idref="oc-2b"/>
      </symbol>
      <symbol id="sm-704">
         <name>__aeabi_memcpy</name>
         <value>0x43ed</value>
         <object_component_ref idref="oc-2b"/>
      </symbol>
      <symbol id="sm-705">
         <name>__aeabi_memcpy8</name>
         <value>0x43ed</value>
         <object_component_ref idref="oc-2b"/>
      </symbol>
      <symbol id="sm-706">
         <name>__aeabi_memcpy4</name>
         <value>0x43ed</value>
         <object_component_ref idref="oc-2b"/>
      </symbol>
      <symbol id="sm-715">
         <name>__aeabi_memset</name>
         <value>0x4525</value>
         <object_component_ref idref="oc-44"/>
      </symbol>
      <symbol id="sm-716">
         <name>memset</name>
         <value>0x452b</value>
         <object_component_ref idref="oc-44"/>
      </symbol>
      <symbol id="sm-717">
         <name>__aeabi_memset8</name>
         <value>0x4525</value>
         <object_component_ref idref="oc-44"/>
      </symbol>
      <symbol id="sm-718">
         <name>__aeabi_memset4</name>
         <value>0x4525</value>
         <object_component_ref idref="oc-44"/>
      </symbol>
      <symbol id="sm-719">
         <name>__aeabi_memclr8</name>
         <value>0x4523</value>
         <object_component_ref idref="oc-44"/>
      </symbol>
      <symbol id="sm-71a">
         <name>__aeabi_memclr4</name>
         <value>0x4523</value>
         <object_component_ref idref="oc-44"/>
      </symbol>
      <symbol id="sm-71b">
         <name>__aeabi_memclr</name>
         <value>0x4523</value>
         <object_component_ref idref="oc-44"/>
      </symbol>
      <symbol id="sm-725">
         <name>__mpu_init</name>
         <value>0x4677</value>
         <object_component_ref idref="oc-50"/>
      </symbol>
      <symbol id="sm-72f">
         <name>_system_pre_init</name>
         <value>0x47f9</value>
         <object_component_ref idref="oc-56"/>
      </symbol>
      <symbol id="sm-737">
         <name>main_func_sp</name>
         <value>0x200015e8</value>
         <object_component_ref idref="oc-6e"/>
      </symbol>
      <symbol id="sm-750">
         <name>_nop</name>
         <value>0x47df</value>
         <object_component_ref idref="oc-fc"/>
      </symbol>
      <symbol id="sm-751">
         <name>_lock</name>
         <value>0x200015dc</value>
         <object_component_ref idref="oc-a5"/>
      </symbol>
      <symbol id="sm-752">
         <name>_unlock</name>
         <value>0x200015e0</value>
         <object_component_ref idref="oc-a5"/>
      </symbol>
      <symbol id="sm-753">
         <name>_register_lock</name>
         <value>0x47d7</value>
         <object_component_ref idref="oc-fc"/>
      </symbol>
      <symbol id="sm-754">
         <name>_register_unlock</name>
         <value>0x47d1</value>
         <object_component_ref idref="oc-fc"/>
      </symbol>
      <symbol id="sm-768">
         <name>_args_main</name>
         <value>0x47b9</value>
         <object_component_ref idref="oc-62"/>
      </symbol>
      <symbol id="sm-78d">
         <name>__TI_auto_init</name>
         <value>0x459d</value>
         <object_component_ref idref="oc-5c"/>
      </symbol>
      <symbol id="sm-7a7">
         <name>copy_in</name>
         <value>0x476d</value>
         <object_component_ref idref="oc-8c"/>
      </symbol>
      <symbol id="sm-7b1">
         <name>_system_post_cinit</name>
         <value>0x47fd</value>
         <object_component_ref idref="oc-92"/>
      </symbol>
      <symbol id="sm-7b2">
         <name>__TI_static_base__</name>
         <value>0x0</value>
      </symbol>
      <symbol id="sm-7b5">
         <name>SHT$$INIT_ARRAY$$Limit</name>
         <value>0x0</value>
      </symbol>
      <symbol id="sm-7b6">
         <name>SHT$$INIT_ARRAY$$Base</name>
         <value>0x0</value>
      </symbol>
   </symbol_table>
   <title>Link successful</title>
</link_info>
