<?xml version="1.0"?>
<link_info>
   <banner>TI ARM Linker PC v15.12.1.LTS</banner>
   <copyright>Copyright (c) 1996-2015 Texas Instruments Incorporated</copyright>
   <link_time>0x5792b570</link_time>
   <link_errors>0x0</link_errors>
   <output_file>Lab1_MSP432.out</output_file>
   <entry_point>
      <name>_c_int00</name>
      <address>0x38a9</address>
   </entry_point>
   <input_file_list>
      <input_file id="fl-2">
         <path>.\</path>
         <kind>object</kind>
         <file>BSP.obj</file>
         <name>BSP.obj</name>
      </input_file>
      <input_file id="fl-3">
         <path>.\</path>
         <kind>object</kind>
         <file>CortexM.obj</file>
         <name>CortexM.obj</name>
      </input_file>
      <input_file id="fl-4">
         <path>.\</path>
         <kind>object</kind>
         <file>Lab1.obj</file>
         <name>Lab1.obj</name>
      </input_file>
      <input_file id="fl-5">
         <path>.\</path>
         <kind>object</kind>
         <file>Profile.obj</file>
         <name>Profile.obj</name>
      </input_file>
      <input_file id="fl-6">
         <path>.\</path>
         <kind>object</kind>
         <file>Texas.obj</file>
         <name>Texas.obj</name>
      </input_file>
      <input_file id="fl-7">
         <path>.\</path>
         <kind>object</kind>
         <file>startup_msp432p401r_ccs.obj</file>
         <name>startup_msp432p401r_ccs.obj</name>
      </input_file>
      <input_file id="fl-8">
         <path>.\</path>
         <kind>object</kind>
         <file>system_msp432p401r.obj</file>
         <name>system_msp432p401r.obj</name>
      </input_file>
      <input_file id="fl-c2">
         <path>C:\ti\ccsv6\tools\compiler\ti-cgt-arm_15.12.1.LTS\lib\</path>
         <kind>archive</kind>
         <file>rtsv7M4_T_le_v4SPD16_eabi.lib</file>
         <name>boot.obj</name>
      </input_file>
      <input_file id="fl-c3">
         <path>C:\ti\ccsv6\tools\compiler\ti-cgt-arm_15.12.1.LTS\lib\</path>
         <kind>archive</kind>
         <file>rtsv7M4_T_le_v4SPD16_eabi.lib</file>
         <name>copy_decompress_none.obj</name>
      </input_file>
      <input_file id="fl-c4">
         <path>C:\ti\ccsv6\tools\compiler\ti-cgt-arm_15.12.1.LTS\lib\</path>
         <kind>archive</kind>
         <file>rtsv7M4_T_le_v4SPD16_eabi.lib</file>
         <name>copy_decompress_rle.obj</name>
      </input_file>
      <input_file id="fl-c5">
         <path>C:\ti\ccsv6\tools\compiler\ti-cgt-arm_15.12.1.LTS\lib\</path>
         <kind>archive</kind>
         <file>rtsv7M4_T_le_v4SPD16_eabi.lib</file>
         <name>copy_zero_init.obj</name>
      </input_file>
      <input_file id="fl-c6">
         <path>C:\ti\ccsv6\tools\compiler\ti-cgt-arm_15.12.1.LTS\lib\</path>
         <kind>archive</kind>
         <file>rtsv7M4_T_le_v4SPD16_eabi.lib</file>
         <name>exit.obj</name>
      </input_file>
      <input_file id="fl-c7">
         <path>C:\ti\ccsv6\tools\compiler\ti-cgt-arm_15.12.1.LTS\lib\</path>
         <kind>archive</kind>
         <file>rtsv7M4_T_le_v4SPD16_eabi.lib</file>
         <name>memcpy_t2.obj</name>
      </input_file>
      <input_file id="fl-c8">
         <path>C:\ti\ccsv6\tools\compiler\ti-cgt-arm_15.12.1.LTS\lib\</path>
         <kind>archive</kind>
         <file>rtsv7M4_T_le_v4SPD16_eabi.lib</file>
         <name>memset_t2.obj</name>
      </input_file>
      <input_file id="fl-c9">
         <path>C:\ti\ccsv6\tools\compiler\ti-cgt-arm_15.12.1.LTS\lib\</path>
         <kind>archive</kind>
         <file>rtsv7M4_T_le_v4SPD16_eabi.lib</file>
         <name>mpu_init.obj</name>
      </input_file>
      <input_file id="fl-ca">
         <path>C:\ti\ccsv6\tools\compiler\ti-cgt-arm_15.12.1.LTS\lib\</path>
         <kind>archive</kind>
         <file>rtsv7M4_T_le_v4SPD16_eabi.lib</file>
         <name>pre_init.obj</name>
      </input_file>
      <input_file id="fl-cb">
         <path>C:\ti\ccsv6\tools\compiler\ti-cgt-arm_15.12.1.LTS\lib\</path>
         <kind>archive</kind>
         <file>rtsv7M4_T_le_v4SPD16_eabi.lib</file>
         <name>stkdepth_vars.obj</name>
      </input_file>
      <input_file id="fl-cc">
         <path>C:\ti\ccsv6\tools\compiler\ti-cgt-arm_15.12.1.LTS\lib\</path>
         <kind>archive</kind>
         <file>rtsv7M4_T_le_v4SPD16_eabi.lib</file>
         <name>_lock.obj</name>
      </input_file>
      <input_file id="fl-cd">
         <path>C:\ti\ccsv6\tools\compiler\ti-cgt-arm_15.12.1.LTS\lib\</path>
         <kind>archive</kind>
         <file>rtsv7M4_T_le_v4SPD16_eabi.lib</file>
         <name>args_main.obj</name>
      </input_file>
      <input_file id="fl-ce">
         <path>C:\ti\ccsv6\tools\compiler\ti-cgt-arm_15.12.1.LTS\lib\</path>
         <kind>archive</kind>
         <file>rtsv7M4_T_le_v4SPD16_eabi.lib</file>
         <name>autoinit.obj</name>
      </input_file>
      <input_file id="fl-cf">
         <path>C:\ti\ccsv6\tools\compiler\ti-cgt-arm_15.12.1.LTS\lib\</path>
         <kind>archive</kind>
         <file>rtsv7M4_T_le_v4SPD16_eabi.lib</file>
         <name>cpy_tbl.obj</name>
      </input_file>
      <input_file id="fl-d0">
         <path>C:\ti\ccsv6\tools\compiler\ti-cgt-arm_15.12.1.LTS\lib\</path>
         <kind>archive</kind>
         <file>rtsv7M4_T_le_v4SPD16_eabi.lib</file>
         <name>startup.obj</name>
      </input_file>
   </input_file_list>
   <object_component_list>
      <object_component id="oc-2a">
         <name>.intvecs:retain</name>
         <load_address>0x0</load_address>
         <run_address>0x0</run_address>
         <size>0x144</size>
         <input_file_ref idref="fl-7"/>
      </object_component>
      <object_component id="oc-7b">
         <name>.text</name>
         <load_address>0x144</load_address>
         <run_address>0x144</run_address>
         <size>0x1530</size>
         <input_file_ref idref="fl-2"/>
      </object_component>
      <object_component id="oc-81">
         <name>.text</name>
         <load_address>0x1674</load_address>
         <run_address>0x1674</run_address>
         <size>0x12a0</size>
         <input_file_ref idref="fl-6"/>
      </object_component>
      <object_component id="oc-b2">
         <name>.text</name>
         <load_address>0x2914</load_address>
         <run_address>0x2914</run_address>
         <size>0x82c</size>
         <input_file_ref idref="fl-4"/>
      </object_component>
      <object_component id="oc-c5">
         <name>.text</name>
         <load_address>0x3140</load_address>
         <run_address>0x3140</run_address>
         <size>0x328</size>
         <input_file_ref idref="fl-8"/>
      </object_component>
      <object_component id="oc-13e">
         <name>.text</name>
         <load_address>0x3468</load_address>
         <run_address>0x3468</run_address>
         <size>0x1b0</size>
         <input_file_ref idref="fl-5"/>
      </object_component>
      <object_component id="oc-75">
         <name>.text</name>
         <load_address>0x3618</load_address>
         <run_address>0x3618</run_address>
         <size>0x9e</size>
         <input_file_ref idref="fl-7"/>
      </object_component>
      <object_component id="oc-2e">
         <name>.text</name>
         <load_address>0x36b6</load_address>
         <run_address>0x36b6</run_address>
         <size>0x9c</size>
         <input_file_ref idref="fl-c7"/>
      </object_component>
      <object_component id="oc-47">
         <name>.text</name>
         <load_address>0x3752</load_address>
         <run_address>0x3752</run_address>
         <size>0x7a</size>
         <input_file_ref idref="fl-c8"/>
      </object_component>
      <object_component id="oc-5f">
         <name>.text</name>
         <load_address>0x37cc</load_address>
         <run_address>0x37cc</run_address>
         <size>0x70</size>
         <input_file_ref idref="fl-ce"/>
      </object_component>
      <object_component id="oc-3a">
         <name>.text</name>
         <load_address>0x383c</load_address>
         <run_address>0x383c</run_address>
         <size>0x6a</size>
         <input_file_ref idref="fl-c4"/>
      </object_component>
      <object_component id="oc-53">
         <name>.text</name>
         <load_address>0x38a6</load_address>
         <run_address>0x38a6</run_address>
         <size>0x2</size>
         <input_file_ref idref="fl-c9"/>
      </object_component>
      <object_component id="oc-24">
         <name>.text</name>
         <load_address>0x38a8</load_address>
         <run_address>0x38a8</run_address>
         <size>0x54</size>
         <input_file_ref idref="fl-c2"/>
      </object_component>
      <object_component id="oc-6b">
         <name>.text</name>
         <load_address>0x38fc</load_address>
         <run_address>0x38fc</run_address>
         <size>0x54</size>
         <input_file_ref idref="fl-c6"/>
      </object_component>
      <object_component id="oc-a4">
         <name>.text</name>
         <load_address>0x3950</load_address>
         <run_address>0x3950</run_address>
         <size>0x4c</size>
         <input_file_ref idref="fl-cf"/>
      </object_component>
      <object_component id="oc-65">
         <name>.text</name>
         <load_address>0x399c</load_address>
         <run_address>0x399c</run_address>
         <size>0x18</size>
         <input_file_ref idref="fl-cd"/>
      </object_component>
      <object_component id="oc-14f">
         <name>.text</name>
         <load_address>0x39b4</load_address>
         <run_address>0x39b4</run_address>
         <size>0x14</size>
         <input_file_ref idref="fl-cc"/>
      </object_component>
      <object_component id="oc-12">
         <name>.text:decompress:none</name>
         <load_address>0x39c8</load_address>
         <run_address>0x39c8</run_address>
         <size>0xe</size>
         <input_file_ref idref="fl-c3"/>
      </object_component>
      <object_component id="oc-18">
         <name>.text:decompress:rle24</name>
         <load_address>0x39d6</load_address>
         <run_address>0x39d6</run_address>
         <size>0x6</size>
         <input_file_ref idref="fl-c4"/>
      </object_component>
      <object_component id="oc-59">
         <name>.text</name>
         <load_address>0x39dc</load_address>
         <run_address>0x39dc</run_address>
         <size>0x4</size>
         <input_file_ref idref="fl-ca"/>
      </object_component>
      <object_component id="oc-aa">
         <name>.text</name>
         <load_address>0x39e0</load_address>
         <run_address>0x39e0</run_address>
         <size>0x2</size>
         <input_file_ref idref="fl-d0"/>
      </object_component>
      <object_component id="oc-d2">
         <name>.const:.string:Rcmd1</name>
         <load_address>0x39e4</load_address>
         <run_address>0x39e4</run_address>
         <size>0x3b</size>
         <input_file_ref idref="fl-2"/>
      </object_component>
      <object_component id="oc-114">
         <name>.const:Scramble</name>
         <load_address>0x3a20</load_address>
         <run_address>0x3a20</run_address>
         <size>0x20</size>
         <input_file_ref idref="fl-6"/>
      </object_component>
      <object_component id="oc-111">
         <name>.const:.string:Key</name>
         <load_address>0x3a40</load_address>
         <run_address>0x3a40</run_address>
         <size>0x8</size>
         <input_file_ref idref="fl-6"/>
      </object_component>
      <object_component id="oc-1b2">
         <name>.cinit..data.load</name>
         <load_address>0x3a48</load_address>
         <run_address>0x3a48</run_address>
         <size>0x33</size>
      </object_component>
      <object_component id="oc-1b3">
         <name>.cinit..bss.load</name>
         <load_address>0x3a80</load_address>
         <run_address>0x3a80</run_address>
         <size>0xb</size>
      </object_component>
      <object_component id="oc-1b0">
         <name>__TI_handler_table</name>
         <load_address>0x3a8c</load_address>
         <run_address>0x3a8c</run_address>
         <size>0x8</size>
      </object_component>
      <object_component id="oc-1b1">
         <name>__TI_cinit_table</name>
         <load_address>0x3a94</load_address>
         <run_address>0x3a94</run_address>
         <size>0x10</size>
      </object_component>
      <object_component id="oc-18f">
         <name>.binit</name>
         <load_address>0x0</load_address>
         <run_address>0x0</run_address>
         <size>0x0</size>
      </object_component>
      <object_component id="oc-cf">
         <name>.data</name>
         <load_address>0x200008cc</load_address>
         <run_address>0x200008cc</run_address>
         <size>0x3c</size>
         <input_file_ref idref="fl-2"/>
      </object_component>
      <object_component id="oc-132">
         <name>.data</name>
         <load_address>0x20000908</load_address>
         <run_address>0x20000908</run_address>
         <size>0x1e</size>
         <input_file_ref idref="fl-4"/>
      </object_component>
      <object_component id="oc-ec">
         <name>.data</name>
         <load_address>0x2000093c</load_address>
         <run_address>0x2000093c</run_address>
         <size>0x4</size>
         <input_file_ref idref="fl-6"/>
      </object_component>
      <object_component id="oc-15b">
         <name>.data</name>
         <load_address>0x20000944</load_address>
         <run_address>0x20000944</run_address>
         <size>0x4</size>
         <input_file_ref idref="fl-8"/>
      </object_component>
      <object_component id="oc-ba">
         <name>.data:$O1$$</name>
         <load_address>0x20000928</load_address>
         <run_address>0x20000928</run_address>
         <size>0xc</size>
         <input_file_ref idref="fl-c6"/>
      </object_component>
      <object_component id="oc-71">
         <name>.data</name>
         <load_address>0x20000940</load_address>
         <run_address>0x20000940</run_address>
         <size>0x4</size>
         <input_file_ref idref="fl-cb"/>
      </object_component>
      <object_component id="oc-bd">
         <name>.data:$O1$$</name>
         <load_address>0x20000934</load_address>
         <run_address>0x20000934</run_address>
         <size>0x8</size>
         <input_file_ref idref="fl-cc"/>
      </object_component>
      <object_component id="oc-cc">
         <name>.bss</name>
         <uninitialized>true</uninitialized>
         <run_address>0x200007d0</run_address>
         <size>0xc</size>
         <input_file_ref idref="fl-2"/>
      </object_component>
      <object_component id="oc-d5">
         <name>.common:Message</name>
         <uninitialized>true</uninitialized>
         <run_address>0x200007f4</run_address>
         <size>0xc</size>
      </object_component>
      <object_component id="oc-d8">
         <name>.common:Messageindex</name>
         <uninitialized>true</uninitialized>
         <run_address>0x20000864</run_address>
         <size>0x4</size>
      </object_component>
      <object_component id="oc-d9">
         <name>.common:PeriodicTask</name>
         <uninitialized>true</uninitialized>
         <run_address>0x20000884</run_address>
         <size>0x4</size>
      </object_component>
      <object_component id="oc-da">
         <name>.common:PeriodicTaskB</name>
         <uninitialized>true</uninitialized>
         <run_address>0x2000088c</run_address>
         <size>0x4</size>
      </object_component>
      <object_component id="oc-db">
         <name>.common:PeriodicTaskC</name>
         <uninitialized>true</uninitialized>
         <run_address>0x20000890</run_address>
         <size>0x4</size>
      </object_component>
      <object_component id="oc-dc">
         <name>.common:LightStart</name>
         <uninitialized>true</uninitialized>
         <run_address>0x20000844</run_address>
         <size>0x4</size>
      </object_component>
      <object_component id="oc-dd">
         <name>.common:TempStart</name>
         <uninitialized>true</uninitialized>
         <run_address>0x200008b8</run_address>
         <size>0x4</size>
      </object_component>
      <object_component id="oc-144">
         <name>.common:Time</name>
         <uninitialized>true</uninitialized>
         <run_address>0x200008bc</run_address>
         <size>0x4</size>
      </object_component>
      <object_component id="oc-13b">
         <name>.common:Steps</name>
         <uninitialized>true</uninitialized>
         <run_address>0x20000898</run_address>
         <size>0x4</size>
      </object_component>
      <object_component id="oc-139">
         <name>.common:Magnitude</name>
         <uninitialized>true</uninitialized>
         <run_address>0x20000848</run_address>
         <size>0x4</size>
      </object_component>
      <object_component id="oc-13a">
         <name>.common:EWMA</name>
         <uninitialized>true</uninitialized>
         <run_address>0x20000808</run_address>
         <size>0x4</size>
      </object_component>
      <object_component id="oc-131">
         <name>.common:SoundData</name>
         <uninitialized>true</uninitialized>
         <run_address>0x200008c6</run_address>
         <size>0x2</size>
      </object_component>
      <object_component id="oc-12e">
         <name>.common:SoundRMS</name>
         <uninitialized>true</uninitialized>
         <run_address>0x20000894</run_address>
         <size>0x4</size>
      </object_component>
      <object_component id="oc-13d">
         <name>.common:LightData</name>
         <uninitialized>true</uninitialized>
         <run_address>0x20000840</run_address>
         <size>0x4</size>
      </object_component>
      <object_component id="oc-135">
         <name>.common:SoundArray</name>
         <uninitialized>true</uninitialized>
         <run_address>0x20000000</run_address>
         <size>0x7d0</size>
      </object_component>
      <object_component id="oc-136">
         <name>.common:AccX</name>
         <uninitialized>true</uninitialized>
         <run_address>0x200008c0</run_address>
         <size>0x2</size>
      </object_component>
      <object_component id="oc-137">
         <name>.common:AccY</name>
         <uninitialized>true</uninitialized>
         <run_address>0x200008c2</run_address>
         <size>0x2</size>
      </object_component>
      <object_component id="oc-138">
         <name>.common:AccZ</name>
         <uninitialized>true</uninitialized>
         <run_address>0x200008c4</run_address>
         <size>0x2</size>
      </object_component>
      <object_component id="oc-13c">
         <name>.common:Task2Failures</name>
         <uninitialized>true</uninitialized>
         <run_address>0x200008b4</run_address>
         <size>0x4</size>
      </object_component>
      <object_component id="oc-e9">
         <name>.common:LogicData</name>
         <uninitialized>true</uninitialized>
         <run_address>0x200008c8</run_address>
         <size>0x1</size>
      </object_component>
      <object_component id="oc-105">
         <name>.common:Id</name>
         <uninitialized>true</uninitialized>
         <run_address>0x2000080c</run_address>
         <size>0x4</size>
      </object_component>
      <object_component id="oc-110">
         <name>.common:MagicCode</name>
         <uninitialized>true</uninitialized>
         <run_address>0x200007e8</run_address>
         <size>0xc</size>
      </object_component>
      <object_component id="oc-106">
         <name>.common:EncriptedMagicCode</name>
         <uninitialized>true</uninitialized>
         <run_address>0x200007dc</run_address>
         <size>0xc</size>
      </object_component>
      <object_component id="oc-ee">
         <name>.common:Index0</name>
         <uninitialized>true</uninitialized>
         <run_address>0x20000810</run_address>
         <size>0x4</size>
      </object_component>
      <object_component id="oc-f2">
         <name>.common:Index1</name>
         <uninitialized>true</uninitialized>
         <run_address>0x20000814</run_address>
         <size>0x4</size>
      </object_component>
      <object_component id="oc-f6">
         <name>.common:Index2</name>
         <uninitialized>true</uninitialized>
         <run_address>0x20000818</run_address>
         <size>0x4</size>
      </object_component>
      <object_component id="oc-fa">
         <name>.common:Index3</name>
         <uninitialized>true</uninitialized>
         <run_address>0x2000081c</run_address>
         <size>0x4</size>
      </object_component>
      <object_component id="oc-fe">
         <name>.common:Index4</name>
         <uninitialized>true</uninitialized>
         <run_address>0x20000820</run_address>
         <size>0x4</size>
      </object_component>
      <object_component id="oc-102">
         <name>.common:Index5</name>
         <uninitialized>true</uninitialized>
         <run_address>0x20000824</run_address>
         <size>0x4</size>
      </object_component>
      <object_component id="oc-ed">
         <name>.common:Sum0</name>
         <uninitialized>true</uninitialized>
         <run_address>0x2000089c</run_address>
         <size>0x4</size>
      </object_component>
      <object_component id="oc-f1">
         <name>.common:Sum1</name>
         <uninitialized>true</uninitialized>
         <run_address>0x200008a0</run_address>
         <size>0x4</size>
      </object_component>
      <object_component id="oc-f5">
         <name>.common:Sum2</name>
         <uninitialized>true</uninitialized>
         <run_address>0x200008a4</run_address>
         <size>0x4</size>
      </object_component>
      <object_component id="oc-f9">
         <name>.common:Sum3</name>
         <uninitialized>true</uninitialized>
         <run_address>0x200008a8</run_address>
         <size>0x4</size>
      </object_component>
      <object_component id="oc-fd">
         <name>.common:Sum4</name>
         <uninitialized>true</uninitialized>
         <run_address>0x200008ac</run_address>
         <size>0x4</size>
      </object_component>
      <object_component id="oc-101">
         <name>.common:Sum5</name>
         <uninitialized>true</uninitialized>
         <run_address>0x200008b0</run_address>
         <size>0x4</size>
      </object_component>
      <object_component id="oc-ef">
         <name>.common:Max0</name>
         <uninitialized>true</uninitialized>
         <run_address>0x2000084c</run_address>
         <size>0x4</size>
      </object_component>
      <object_component id="oc-f3">
         <name>.common:Max1</name>
         <uninitialized>true</uninitialized>
         <run_address>0x20000850</run_address>
         <size>0x4</size>
      </object_component>
      <object_component id="oc-f7">
         <name>.common:Max2</name>
         <uninitialized>true</uninitialized>
         <run_address>0x20000854</run_address>
         <size>0x4</size>
      </object_component>
      <object_component id="oc-fb">
         <name>.common:Max3</name>
         <uninitialized>true</uninitialized>
         <run_address>0x20000858</run_address>
         <size>0x4</size>
      </object_component>
      <object_component id="oc-ff">
         <name>.common:Max4</name>
         <uninitialized>true</uninitialized>
         <run_address>0x2000085c</run_address>
         <size>0x4</size>
      </object_component>
      <object_component id="oc-103">
         <name>.common:Max5</name>
         <uninitialized>true</uninitialized>
         <run_address>0x20000860</run_address>
         <size>0x4</size>
      </object_component>
      <object_component id="oc-f0">
         <name>.common:Min0</name>
         <uninitialized>true</uninitialized>
         <run_address>0x2000086c</run_address>
         <size>0x4</size>
      </object_component>
      <object_component id="oc-f4">
         <name>.common:Min1</name>
         <uninitialized>true</uninitialized>
         <run_address>0x20000870</run_address>
         <size>0x4</size>
      </object_component>
      <object_component id="oc-f8">
         <name>.common:Min2</name>
         <uninitialized>true</uninitialized>
         <run_address>0x20000874</run_address>
         <size>0x4</size>
      </object_component>
      <object_component id="oc-fc">
         <name>.common:Min3</name>
         <uninitialized>true</uninitialized>
         <run_address>0x20000878</run_address>
         <size>0x4</size>
      </object_component>
      <object_component id="oc-100">
         <name>.common:Min4</name>
         <uninitialized>true</uninitialized>
         <run_address>0x2000087c</run_address>
         <size>0x4</size>
      </object_component>
      <object_component id="oc-104">
         <name>.common:Min5</name>
         <uninitialized>true</uninitialized>
         <run_address>0x20000880</run_address>
         <size>0x4</size>
      </object_component>
      <object_component id="oc-10a">
         <name>.common:Last0</name>
         <uninitialized>true</uninitialized>
         <run_address>0x20000828</run_address>
         <size>0x4</size>
      </object_component>
      <object_component id="oc-10b">
         <name>.common:Last1</name>
         <uninitialized>true</uninitialized>
         <run_address>0x2000082c</run_address>
         <size>0x4</size>
      </object_component>
      <object_component id="oc-10c">
         <name>.common:Last2</name>
         <uninitialized>true</uninitialized>
         <run_address>0x20000830</run_address>
         <size>0x4</size>
      </object_component>
      <object_component id="oc-10d">
         <name>.common:Last3</name>
         <uninitialized>true</uninitialized>
         <run_address>0x20000834</run_address>
         <size>0x4</size>
      </object_component>
      <object_component id="oc-10e">
         <name>.common:Last4</name>
         <uninitialized>true</uninitialized>
         <run_address>0x20000838</run_address>
         <size>0x4</size>
      </object_component>
      <object_component id="oc-10f">
         <name>.common:Last5</name>
         <uninitialized>true</uninitialized>
         <run_address>0x2000083c</run_address>
         <size>0x4</size>
      </object_component>
      <object_component id="oc-107">
         <name>.common:PeriodicTask2</name>
         <uninitialized>true</uninitialized>
         <run_address>0x20000888</run_address>
         <size>0x4</size>
      </object_component>
      <object_component id="oc-109">
         <name>.common:Messageindexb</name>
         <uninitialized>true</uninitialized>
         <run_address>0x20000868</run_address>
         <size>0x4</size>
      </object_component>
      <object_component id="oc-108">
         <name>.common:Messageb</name>
         <uninitialized>true</uninitialized>
         <run_address>0x20000800</run_address>
         <size>0x8</size>
      </object_component>
      <object_component id="oc-2d">
         <name>.stack</name>
         <uninitialized>true</uninitialized>
         <run_address>0x2000fe00</run_address>
         <size>0x0</size>
         <input_file_ref idref="fl-c2"/>
      </object_component>
      <object_component id="oc-1b4">
         <name>.stack</name>
         <uninitialized>true</uninitialized>
         <run_address>0x2000fe00</run_address>
         <size>0x0</size>
      </object_component>
      <object_component id="oc-d6">
         <name>.debug_info</name>
         <load_address>0x0</load_address>
         <run_address>0x0</run_address>
         <size>0x56d</size>
         <input_file_ref idref="fl-2"/>
      </object_component>
      <object_component id="oc-d0">
         <name>.debug_info</name>
         <load_address>0x56d</load_address>
         <run_address>0x56d</run_address>
         <size>0x2ce</size>
         <input_file_ref idref="fl-2"/>
      </object_component>
      <object_component id="oc-cd">
         <name>.debug_info</name>
         <load_address>0x83b</load_address>
         <run_address>0x83b</run_address>
         <size>0xfd</size>
         <input_file_ref idref="fl-2"/>
      </object_component>
      <object_component id="oc-d3">
         <name>.debug_info</name>
         <load_address>0x938</load_address>
         <run_address>0x938</run_address>
         <size>0xf5</size>
         <input_file_ref idref="fl-2"/>
      </object_component>
      <object_component id="oc-7c">
         <name>.debug_info</name>
         <load_address>0xa2d</load_address>
         <run_address>0xa2d</run_address>
         <size>0x4122</size>
         <input_file_ref idref="fl-2"/>
      </object_component>
      <object_component id="oc-167">
         <name>.debug_info</name>
         <load_address>0x4b4f</load_address>
         <run_address>0x4b4f</run_address>
         <size>0x103e</size>
         <input_file_ref idref="fl-2"/>
      </object_component>
      <object_component id="oc-92">
         <name>.debug_info</name>
         <load_address>0x5b8d</load_address>
         <run_address>0x5b8d</run_address>
         <size>0x84</size>
         <input_file_ref idref="fl-2"/>
      </object_component>
      <object_component id="oc-df">
         <name>.debug_info</name>
         <load_address>0x5c11</load_address>
         <run_address>0x5c11</run_address>
         <size>0x18b</size>
         <input_file_ref idref="fl-2"/>
      </object_component>
      <object_component id="oc-e4">
         <name>.debug_info</name>
         <load_address>0x5d9c</load_address>
         <run_address>0x5d9c</run_address>
         <size>0x56</size>
         <input_file_ref idref="fl-2"/>
      </object_component>
      <object_component id="oc-12f">
         <name>.debug_info</name>
         <load_address>0x5df2</load_address>
         <run_address>0x5df2</run_address>
         <size>0x949</size>
         <input_file_ref idref="fl-4"/>
      </object_component>
      <object_component id="oc-133">
         <name>.debug_info</name>
         <load_address>0x673b</load_address>
         <run_address>0x673b</run_address>
         <size>0x190</size>
         <input_file_ref idref="fl-4"/>
      </object_component>
      <object_component id="oc-b3">
         <name>.debug_info</name>
         <load_address>0x68cb</load_address>
         <run_address>0x68cb</run_address>
         <size>0xc4f</size>
         <input_file_ref idref="fl-4"/>
      </object_component>
      <object_component id="oc-17b">
         <name>.debug_info</name>
         <load_address>0x751a</load_address>
         <run_address>0x751a</run_address>
         <size>0x3f</size>
         <input_file_ref idref="fl-4"/>
      </object_component>
      <object_component id="oc-182">
         <name>.debug_info</name>
         <load_address>0x7559</load_address>
         <run_address>0x7559</run_address>
         <size>0x7a</size>
         <input_file_ref idref="fl-4"/>
      </object_component>
      <object_component id="oc-13f">
         <name>.debug_info</name>
         <load_address>0x75d3</load_address>
         <run_address>0x75d3</run_address>
         <size>0x226</size>
         <input_file_ref idref="fl-5"/>
      </object_component>
      <object_component id="oc-ea">
         <name>.debug_info</name>
         <load_address>0x77f9</load_address>
         <run_address>0x77f9</run_address>
         <size>0x90c</size>
         <input_file_ref idref="fl-6"/>
      </object_component>
      <object_component id="oc-112">
         <name>.debug_info</name>
         <load_address>0x8105</load_address>
         <run_address>0x8105</run_address>
         <size>0xcd</size>
         <input_file_ref idref="fl-6"/>
      </object_component>
      <object_component id="oc-115">
         <name>.debug_info</name>
         <load_address>0x81d2</load_address>
         <run_address>0x81d2</run_address>
         <size>0xd7</size>
         <input_file_ref idref="fl-6"/>
      </object_component>
      <object_component id="oc-82">
         <name>.debug_info</name>
         <load_address>0x82a9</load_address>
         <run_address>0x82a9</run_address>
         <size>0x19d4</size>
         <input_file_ref idref="fl-6"/>
      </object_component>
      <object_component id="oc-118">
         <name>.debug_info</name>
         <load_address>0x9c7d</load_address>
         <run_address>0x9c7d</run_address>
         <size>0x3f</size>
         <input_file_ref idref="fl-6"/>
      </object_component>
      <object_component id="oc-89">
         <name>.debug_info</name>
         <load_address>0x9cbc</load_address>
         <run_address>0x9cbc</run_address>
         <size>0x121</size>
         <input_file_ref idref="fl-7"/>
      </object_component>
      <object_component id="oc-2b">
         <name>.debug_info</name>
         <load_address>0x9ddd</load_address>
         <run_address>0x9ddd</run_address>
         <size>0xf8</size>
         <input_file_ref idref="fl-7"/>
      </object_component>
      <object_component id="oc-76">
         <name>.debug_info</name>
         <load_address>0x9ed5</load_address>
         <run_address>0x9ed5</run_address>
         <size>0x18d3</size>
         <input_file_ref idref="fl-7"/>
      </object_component>
      <object_component id="oc-15c">
         <name>.debug_info</name>
         <load_address>0xb7a8</load_address>
         <run_address>0xb7a8</run_address>
         <size>0xf1</size>
         <input_file_ref idref="fl-8"/>
      </object_component>
      <object_component id="oc-c6">
         <name>.debug_info</name>
         <load_address>0xb899</load_address>
         <run_address>0xb899</run_address>
         <size>0x263</size>
         <input_file_ref idref="fl-8"/>
      </object_component>
      <object_component id="oc-27">
         <name>.debug_info</name>
         <load_address>0xbafc</load_address>
         <run_address>0xbafc</run_address>
         <size>0x17c</size>
         <input_file_ref idref="fl-c2"/>
      </object_component>
      <object_component id="oc-39">
         <name>.debug_info</name>
         <load_address>0xbc78</load_address>
         <run_address>0xbc78</run_address>
         <size>0x15c</size>
         <input_file_ref idref="fl-c3"/>
      </object_component>
      <object_component id="oc-16">
         <name>.debug_info</name>
         <load_address>0xbdd4</load_address>
         <run_address>0xbdd4</run_address>
         <size>0x1fb</size>
         <input_file_ref idref="fl-c3"/>
      </object_component>
      <object_component id="oc-34">
         <name>.debug_info</name>
         <load_address>0xbfcf</load_address>
         <run_address>0xbfcf</run_address>
         <size>0x46</size>
         <input_file_ref idref="fl-c3"/>
      </object_component>
      <object_component id="oc-8b">
         <name>.debug_info</name>
         <load_address>0xc015</load_address>
         <run_address>0xc015</run_address>
         <size>0x2c</size>
         <input_file_ref idref="fl-c3"/>
      </object_component>
      <object_component id="oc-41">
         <name>.debug_info</name>
         <load_address>0xc041</load_address>
         <run_address>0xc041</run_address>
         <size>0x150</size>
         <input_file_ref idref="fl-c4"/>
      </object_component>
      <object_component id="oc-3e">
         <name>.debug_info</name>
         <load_address>0xc191</load_address>
         <run_address>0xc191</run_address>
         <size>0x263</size>
         <input_file_ref idref="fl-c4"/>
      </object_component>
      <object_component id="oc-1c">
         <name>.debug_info</name>
         <load_address>0xc3f4</load_address>
         <run_address>0xc3f4</run_address>
         <size>0x1cd</size>
         <input_file_ref idref="fl-c4"/>
      </object_component>
      <object_component id="oc-42">
         <name>.debug_info</name>
         <load_address>0xc5c1</load_address>
         <run_address>0xc5c1</run_address>
         <size>0x39</size>
         <input_file_ref idref="fl-c4"/>
      </object_component>
      <object_component id="oc-9a">
         <name>.debug_info</name>
         <load_address>0xc5fa</load_address>
         <run_address>0xc5fa</run_address>
         <size>0x2c</size>
         <input_file_ref idref="fl-c4"/>
      </object_component>
      <object_component id="oc-c1">
         <name>.debug_info</name>
         <load_address>0xc626</load_address>
         <run_address>0xc626</run_address>
         <size>0x250</size>
         <input_file_ref idref="fl-c6"/>
      </object_component>
      <object_component id="oc-bb">
         <name>.debug_info</name>
         <load_address>0xc876</load_address>
         <run_address>0xc876</run_address>
         <size>0x1a1</size>
         <input_file_ref idref="fl-c6"/>
      </object_component>
      <object_component id="oc-6d">
         <name>.debug_info</name>
         <load_address>0xca17</load_address>
         <run_address>0xca17</run_address>
         <size>0x230</size>
         <input_file_ref idref="fl-c6"/>
      </object_component>
      <object_component id="oc-2f">
         <name>.debug_info</name>
         <load_address>0xcc47</load_address>
         <run_address>0xcc47</run_address>
         <size>0x12d</size>
         <input_file_ref idref="fl-c7"/>
      </object_component>
      <object_component id="oc-48">
         <name>.debug_info</name>
         <load_address>0xcd74</load_address>
         <run_address>0xcd74</run_address>
         <size>0x15b</size>
         <input_file_ref idref="fl-c8"/>
      </object_component>
      <object_component id="oc-54">
         <name>.debug_info</name>
         <load_address>0xcecf</load_address>
         <run_address>0xcecf</run_address>
         <size>0x154</size>
         <input_file_ref idref="fl-c9"/>
      </object_component>
      <object_component id="oc-5a">
         <name>.debug_info</name>
         <load_address>0xd023</load_address>
         <run_address>0xd023</run_address>
         <size>0x164</size>
         <input_file_ref idref="fl-ca"/>
      </object_component>
      <object_component id="oc-72">
         <name>.debug_info</name>
         <load_address>0xd187</load_address>
         <run_address>0xd187</run_address>
         <size>0x125</size>
         <input_file_ref idref="fl-cb"/>
      </object_component>
      <object_component id="oc-157">
         <name>.debug_info</name>
         <load_address>0xd2ac</load_address>
         <run_address>0xd2ac</run_address>
         <size>0x140</size>
         <input_file_ref idref="fl-cc"/>
      </object_component>
      <object_component id="oc-be">
         <name>.debug_info</name>
         <load_address>0xd3ec</load_address>
         <run_address>0xd3ec</run_address>
         <size>0x12f</size>
         <input_file_ref idref="fl-cc"/>
      </object_component>
      <object_component id="oc-150">
         <name>.debug_info</name>
         <load_address>0xd51b</load_address>
         <run_address>0xd51b</run_address>
         <size>0x23b</size>
         <input_file_ref idref="fl-cc"/>
      </object_component>
      <object_component id="oc-b9">
         <name>.debug_info</name>
         <load_address>0xd756</load_address>
         <run_address>0xd756</run_address>
         <size>0x182</size>
         <input_file_ref idref="fl-cd"/>
      </object_component>
      <object_component id="oc-66">
         <name>.debug_info</name>
         <load_address>0xd8d8</load_address>
         <run_address>0xd8d8</run_address>
         <size>0x183</size>
         <input_file_ref idref="fl-cd"/>
      </object_component>
      <object_component id="oc-148">
         <name>.debug_info</name>
         <load_address>0xda5b</load_address>
         <run_address>0xda5b</run_address>
         <size>0x5e</size>
         <input_file_ref idref="fl-cd"/>
      </object_component>
      <object_component id="oc-b1">
         <name>.debug_info</name>
         <load_address>0xdab9</load_address>
         <run_address>0xdab9</run_address>
         <size>0x305</size>
         <input_file_ref idref="fl-ce"/>
      </object_component>
      <object_component id="oc-60">
         <name>.debug_info</name>
         <load_address>0xddbe</load_address>
         <run_address>0xddbe</run_address>
         <size>0x1ac</size>
         <input_file_ref idref="fl-ce"/>
      </object_component>
      <object_component id="oc-124">
         <name>.debug_info</name>
         <load_address>0xdf6a</load_address>
         <run_address>0xdf6a</run_address>
         <size>0x39</size>
         <input_file_ref idref="fl-ce"/>
      </object_component>
      <object_component id="oc-129">
         <name>.debug_info</name>
         <load_address>0xdfa3</load_address>
         <run_address>0xdfa3</run_address>
         <size>0xcd</size>
         <input_file_ref idref="fl-ce"/>
      </object_component>
      <object_component id="oc-120">
         <name>.debug_info</name>
         <load_address>0xe070</load_address>
         <run_address>0xe070</run_address>
         <size>0x1fc</size>
         <input_file_ref idref="fl-cf"/>
      </object_component>
      <object_component id="oc-a5">
         <name>.debug_info</name>
         <load_address>0xe26c</load_address>
         <run_address>0xe26c</run_address>
         <size>0x19f</size>
         <input_file_ref idref="fl-cf"/>
      </object_component>
      <object_component id="oc-174">
         <name>.debug_info</name>
         <load_address>0xe40b</load_address>
         <run_address>0xe40b</run_address>
         <size>0x2c</size>
         <input_file_ref idref="fl-cf"/>
      </object_component>
      <object_component id="oc-ac">
         <name>.debug_info</name>
         <load_address>0xe437</load_address>
         <run_address>0xe437</run_address>
         <size>0x161</size>
         <input_file_ref idref="fl-d0"/>
      </object_component>
      <object_component id="oc-1b5">
         <name>.debug_info</name>
         <load_address>0xe598</load_address>
         <run_address>0xe598</run_address>
         <size>0xa7</size>
      </object_component>
      <object_component id="oc-166">
         <name>.debug_line</name>
         <load_address>0x0</load_address>
         <run_address>0x0</run_address>
         <size>0x91</size>
         <input_file_ref idref="fl-2"/>
      </object_component>
      <object_component id="oc-162">
         <name>.debug_line</name>
         <load_address>0x91</load_address>
         <run_address>0x91</run_address>
         <size>0x53</size>
         <input_file_ref idref="fl-2"/>
      </object_component>
      <object_component id="oc-160">
         <name>.debug_line</name>
         <load_address>0xe4</load_address>
         <run_address>0xe4</run_address>
         <size>0x53</size>
         <input_file_ref idref="fl-2"/>
      </object_component>
      <object_component id="oc-164">
         <name>.debug_line</name>
         <load_address>0x137</load_address>
         <run_address>0x137</run_address>
         <size>0x53</size>
         <input_file_ref idref="fl-2"/>
      </object_component>
      <object_component id="oc-7f">
         <name>.debug_line</name>
         <load_address>0x18a</load_address>
         <run_address>0x18a</run_address>
         <size>0xacb</size>
         <input_file_ref idref="fl-2"/>
      </object_component>
      <object_component id="oc-16a">
         <name>.debug_line</name>
         <load_address>0xc55</load_address>
         <run_address>0xc55</run_address>
         <size>0x55</size>
         <input_file_ref idref="fl-2"/>
      </object_component>
      <object_component id="oc-95">
         <name>.debug_line</name>
         <load_address>0xcaa</load_address>
         <run_address>0xcaa</run_address>
         <size>0x20</size>
         <input_file_ref idref="fl-2"/>
      </object_component>
      <object_component id="oc-e2">
         <name>.debug_line</name>
         <load_address>0xcca</load_address>
         <run_address>0xcca</run_address>
         <size>0x66</size>
         <input_file_ref idref="fl-2"/>
      </object_component>
      <object_component id="oc-e7">
         <name>.debug_line</name>
         <load_address>0xd30</load_address>
         <run_address>0xd30</run_address>
         <size>0x53</size>
         <input_file_ref idref="fl-2"/>
      </object_component>
      <object_component id="oc-17a">
         <name>.debug_line</name>
         <load_address>0xd83</load_address>
         <run_address>0xd83</run_address>
         <size>0x7c</size>
         <input_file_ref idref="fl-4"/>
      </object_component>
      <object_component id="oc-181">
         <name>.debug_line</name>
         <load_address>0xdff</load_address>
         <run_address>0xdff</run_address>
         <size>0x2d</size>
         <input_file_ref idref="fl-4"/>
      </object_component>
      <object_component id="oc-b6">
         <name>.debug_line</name>
         <load_address>0xe2c</load_address>
         <run_address>0xe2c</run_address>
         <size>0x3b2</size>
         <input_file_ref idref="fl-4"/>
      </object_component>
      <object_component id="oc-17e">
         <name>.debug_line</name>
         <load_address>0x11de</load_address>
         <run_address>0x11de</run_address>
         <size>0x2e</size>
         <input_file_ref idref="fl-4"/>
      </object_component>
      <object_component id="oc-185">
         <name>.debug_line</name>
         <load_address>0x120c</load_address>
         <run_address>0x120c</run_address>
         <size>0x2d</size>
         <input_file_ref idref="fl-4"/>
      </object_component>
      <object_component id="oc-142">
         <name>.debug_line</name>
         <load_address>0x1239</load_address>
         <run_address>0x1239</run_address>
         <size>0xa5</size>
         <input_file_ref idref="fl-5"/>
      </object_component>
      <object_component id="oc-16d">
         <name>.debug_line</name>
         <load_address>0x12de</load_address>
         <run_address>0x12de</run_address>
         <size>0x58</size>
         <input_file_ref idref="fl-6"/>
      </object_component>
      <object_component id="oc-16f">
         <name>.debug_line</name>
         <load_address>0x1336</load_address>
         <run_address>0x1336</run_address>
         <size>0x2e</size>
         <input_file_ref idref="fl-6"/>
      </object_component>
      <object_component id="oc-171">
         <name>.debug_line</name>
         <load_address>0x1364</load_address>
         <run_address>0x1364</run_address>
         <size>0x2e</size>
         <input_file_ref idref="fl-6"/>
      </object_component>
      <object_component id="oc-85">
         <name>.debug_line</name>
         <load_address>0x1392</load_address>
         <run_address>0x1392</run_address>
         <size>0x889</size>
         <input_file_ref idref="fl-6"/>
      </object_component>
      <object_component id="oc-11b">
         <name>.debug_line</name>
         <load_address>0x1c1b</load_address>
         <run_address>0x1c1b</run_address>
         <size>0x2e</size>
         <input_file_ref idref="fl-6"/>
      </object_component>
      <object_component id="oc-11e">
         <name>.debug_line</name>
         <load_address>0x1c49</load_address>
         <run_address>0x1c49</run_address>
         <size>0x40</size>
         <input_file_ref idref="fl-7"/>
      </object_component>
      <object_component id="oc-88">
         <name>.debug_line</name>
         <load_address>0x1c89</load_address>
         <run_address>0x1c89</run_address>
         <size>0x40</size>
         <input_file_ref idref="fl-7"/>
      </object_component>
      <object_component id="oc-79">
         <name>.debug_line</name>
         <load_address>0x1cc9</load_address>
         <run_address>0x1cc9</run_address>
         <size>0x560</size>
         <input_file_ref idref="fl-7"/>
      </object_component>
      <object_component id="oc-18c">
         <name>.debug_line</name>
         <load_address>0x2229</load_address>
         <run_address>0x2229</run_address>
         <size>0x3b</size>
         <input_file_ref idref="fl-8"/>
      </object_component>
      <object_component id="oc-c9">
         <name>.debug_line</name>
         <load_address>0x2264</load_address>
         <run_address>0x2264</run_address>
         <size>0x146</size>
         <input_file_ref idref="fl-8"/>
      </object_component>
      <object_component id="oc-25">
         <name>.debug_line</name>
         <load_address>0x23aa</load_address>
         <run_address>0x23aa</run_address>
         <size>0x53</size>
         <input_file_ref idref="fl-c2"/>
      </object_component>
      <object_component id="oc-91">
         <name>.debug_line</name>
         <load_address>0x23fd</load_address>
         <run_address>0x23fd</run_address>
         <size>0xa5</size>
         <input_file_ref idref="fl-c3"/>
      </object_component>
      <object_component id="oc-15">
         <name>.debug_line</name>
         <load_address>0x24a2</load_address>
         <run_address>0x24a2</run_address>
         <size>0x55</size>
         <input_file_ref idref="fl-c3"/>
      </object_component>
      <object_component id="oc-37">
         <name>.debug_line</name>
         <load_address>0x24f7</load_address>
         <run_address>0x24f7</run_address>
         <size>0x3a</size>
         <input_file_ref idref="fl-c3"/>
      </object_component>
      <object_component id="oc-8e">
         <name>.debug_line</name>
         <load_address>0x2531</load_address>
         <run_address>0x2531</run_address>
         <size>0xa5</size>
         <input_file_ref idref="fl-c3"/>
      </object_component>
      <object_component id="oc-99">
         <name>.debug_line</name>
         <load_address>0x25d6</load_address>
         <run_address>0x25d6</run_address>
         <size>0xa5</size>
         <input_file_ref idref="fl-c4"/>
      </object_component>
      <object_component id="oc-3c">
         <name>.debug_line</name>
         <load_address>0x267b</load_address>
         <run_address>0x267b</run_address>
         <size>0x98</size>
         <input_file_ref idref="fl-c4"/>
      </object_component>
      <object_component id="oc-1b">
         <name>.debug_line</name>
         <load_address>0x2713</load_address>
         <run_address>0x2713</run_address>
         <size>0x4b</size>
         <input_file_ref idref="fl-c4"/>
      </object_component>
      <object_component id="oc-45">
         <name>.debug_line</name>
         <load_address>0x275e</load_address>
         <run_address>0x275e</run_address>
         <size>0x39</size>
         <input_file_ref idref="fl-c4"/>
      </object_component>
      <object_component id="oc-9d">
         <name>.debug_line</name>
         <load_address>0x2797</load_address>
         <run_address>0x2797</run_address>
         <size>0xa5</size>
         <input_file_ref idref="fl-c4"/>
      </object_component>
      <object_component id="oc-15a">
         <name>.debug_line</name>
         <load_address>0x283c</load_address>
         <run_address>0x283c</run_address>
         <size>0x128</size>
         <input_file_ref idref="fl-c6"/>
      </object_component>
      <object_component id="oc-14e">
         <name>.debug_line</name>
         <load_address>0x2964</load_address>
         <run_address>0x2964</run_address>
         <size>0x2a</size>
         <input_file_ref idref="fl-c6"/>
      </object_component>
      <object_component id="oc-70">
         <name>.debug_line</name>
         <load_address>0x298e</load_address>
         <run_address>0x298e</run_address>
         <size>0x86</size>
         <input_file_ref idref="fl-c6"/>
      </object_component>
      <object_component id="oc-32">
         <name>.debug_line</name>
         <load_address>0x2a14</load_address>
         <run_address>0x2a14</run_address>
         <size>0x88</size>
         <input_file_ref idref="fl-c7"/>
      </object_component>
      <object_component id="oc-4b">
         <name>.debug_line</name>
         <load_address>0x2a9c</load_address>
         <run_address>0x2a9c</run_address>
         <size>0x79</size>
         <input_file_ref idref="fl-c8"/>
      </object_component>
      <object_component id="oc-57">
         <name>.debug_line</name>
         <load_address>0x2b15</load_address>
         <run_address>0x2b15</run_address>
         <size>0x3d</size>
         <input_file_ref idref="fl-c9"/>
      </object_component>
      <object_component id="oc-5d">
         <name>.debug_line</name>
         <load_address>0x2b52</load_address>
         <run_address>0x2b52</run_address>
         <size>0x40</size>
         <input_file_ref idref="fl-ca"/>
      </object_component>
      <object_component id="oc-c4">
         <name>.debug_line</name>
         <load_address>0x2b92</load_address>
         <run_address>0x2b92</run_address>
         <size>0x33</size>
         <input_file_ref idref="fl-cb"/>
      </object_component>
      <object_component id="oc-18a">
         <name>.debug_line</name>
         <load_address>0x2bc5</load_address>
         <run_address>0x2bc5</run_address>
         <size>0x20</size>
         <input_file_ref idref="fl-cc"/>
      </object_component>
      <object_component id="oc-156">
         <name>.debug_line</name>
         <load_address>0x2be5</load_address>
         <run_address>0x2be5</run_address>
         <size>0x2b</size>
         <input_file_ref idref="fl-cc"/>
      </object_component>
      <object_component id="oc-153">
         <name>.debug_line</name>
         <load_address>0x2c10</load_address>
         <run_address>0x2c10</run_address>
         <size>0x68</size>
         <input_file_ref idref="fl-cc"/>
      </object_component>
      <object_component id="oc-147">
         <name>.debug_line</name>
         <load_address>0x2c78</load_address>
         <run_address>0x2c78</run_address>
         <size>0x2b</size>
         <input_file_ref idref="fl-cd"/>
      </object_component>
      <object_component id="oc-69">
         <name>.debug_line</name>
         <load_address>0x2ca3</load_address>
         <run_address>0x2ca3</run_address>
         <size>0x50</size>
         <input_file_ref idref="fl-cd"/>
      </object_component>
      <object_component id="oc-14b">
         <name>.debug_line</name>
         <load_address>0x2cf3</load_address>
         <run_address>0x2cf3</run_address>
         <size>0x2b</size>
         <input_file_ref idref="fl-cd"/>
      </object_component>
      <object_component id="oc-123">
         <name>.debug_line</name>
         <load_address>0x2d1e</load_address>
         <run_address>0x2d1e</run_address>
         <size>0xc4</size>
         <input_file_ref idref="fl-ce"/>
      </object_component>
      <object_component id="oc-63">
         <name>.debug_line</name>
         <load_address>0x2de2</load_address>
         <run_address>0x2de2</run_address>
         <size>0x8b</size>
         <input_file_ref idref="fl-ce"/>
      </object_component>
      <object_component id="oc-127">
         <name>.debug_line</name>
         <load_address>0x2e6d</load_address>
         <run_address>0x2e6d</run_address>
         <size>0x2e</size>
         <input_file_ref idref="fl-ce"/>
      </object_component>
      <object_component id="oc-12c">
         <name>.debug_line</name>
         <load_address>0x2e9b</load_address>
         <run_address>0x2e9b</run_address>
         <size>0xa6</size>
         <input_file_ref idref="fl-ce"/>
      </object_component>
      <object_component id="oc-173">
         <name>.debug_line</name>
         <load_address>0x2f41</load_address>
         <run_address>0x2f41</run_address>
         <size>0xb3</size>
         <input_file_ref idref="fl-cf"/>
      </object_component>
      <object_component id="oc-a8">
         <name>.debug_line</name>
         <load_address>0x2ff4</load_address>
         <run_address>0x2ff4</run_address>
         <size>0x68</size>
         <input_file_ref idref="fl-cf"/>
      </object_component>
      <object_component id="oc-177">
         <name>.debug_line</name>
         <load_address>0x305c</load_address>
         <run_address>0x305c</run_address>
         <size>0x2e</size>
         <input_file_ref idref="fl-cf"/>
      </object_component>
      <object_component id="oc-af">
         <name>.debug_line</name>
         <load_address>0x308a</load_address>
         <run_address>0x308a</run_address>
         <size>0x3c</size>
         <input_file_ref idref="fl-d0"/>
      </object_component>
      <object_component id="oc-80">
         <name>.debug_frame</name>
         <load_address>0x0</load_address>
         <run_address>0x0</run_address>
         <size>0x6d4</size>
         <input_file_ref idref="fl-2"/>
      </object_component>
      <object_component id="oc-b7">
         <name>.debug_frame</name>
         <load_address>0x6d4</load_address>
         <run_address>0x6d4</run_address>
         <size>0x20c</size>
         <input_file_ref idref="fl-4"/>
      </object_component>
      <object_component id="oc-143">
         <name>.debug_frame</name>
         <load_address>0x8e0</load_address>
         <run_address>0x8e0</run_address>
         <size>0x9c</size>
         <input_file_ref idref="fl-5"/>
      </object_component>
      <object_component id="oc-86">
         <name>.debug_frame</name>
         <load_address>0x97c</load_address>
         <run_address>0x97c</run_address>
         <size>0x39c</size>
         <input_file_ref idref="fl-6"/>
      </object_component>
      <object_component id="oc-7a">
         <name>.debug_frame</name>
         <load_address>0xd18</load_address>
         <run_address>0xd18</run_address>
         <size>0x40b</size>
         <input_file_ref idref="fl-7"/>
      </object_component>
      <object_component id="oc-ca">
         <name>.debug_frame</name>
         <load_address>0x1123</load_address>
         <run_address>0x1123</run_address>
         <size>0x98</size>
         <input_file_ref idref="fl-8"/>
      </object_component>
      <object_component id="oc-14">
         <name>.debug_frame</name>
         <load_address>0x11bb</load_address>
         <run_address>0x11bb</run_address>
         <size>0x7f</size>
         <input_file_ref idref="fl-c3"/>
      </object_component>
      <object_component id="oc-3d">
         <name>.debug_frame</name>
         <load_address>0x123a</load_address>
         <run_address>0x123a</run_address>
         <size>0x8e</size>
         <input_file_ref idref="fl-c4"/>
      </object_component>
      <object_component id="oc-1a">
         <name>.debug_frame</name>
         <load_address>0x12c8</load_address>
         <run_address>0x12c8</run_address>
         <size>0x7f</size>
         <input_file_ref idref="fl-c4"/>
      </object_component>
      <object_component id="oc-6c">
         <name>.debug_frame</name>
         <load_address>0x1347</load_address>
         <run_address>0x1347</run_address>
         <size>0xb3</size>
         <input_file_ref idref="fl-c6"/>
      </object_component>
      <object_component id="oc-58">
         <name>.debug_frame</name>
         <load_address>0x13fa</load_address>
         <run_address>0x13fa</run_address>
         <size>0x7f</size>
         <input_file_ref idref="fl-c9"/>
      </object_component>
      <object_component id="oc-5e">
         <name>.debug_frame</name>
         <load_address>0x1479</load_address>
         <run_address>0x1479</run_address>
         <size>0x7f</size>
         <input_file_ref idref="fl-ca"/>
      </object_component>
      <object_component id="oc-154">
         <name>.debug_frame</name>
         <load_address>0x14f8</load_address>
         <run_address>0x14f8</run_address>
         <size>0xa1</size>
         <input_file_ref idref="fl-cc"/>
      </object_component>
      <object_component id="oc-6a">
         <name>.debug_frame</name>
         <load_address>0x1599</load_address>
         <run_address>0x1599</run_address>
         <size>0x7f</size>
         <input_file_ref idref="fl-cd"/>
      </object_component>
      <object_component id="oc-64">
         <name>.debug_frame</name>
         <load_address>0x1618</load_address>
         <run_address>0x1618</run_address>
         <size>0x8a</size>
         <input_file_ref idref="fl-ce"/>
      </object_component>
      <object_component id="oc-a9">
         <name>.debug_frame</name>
         <load_address>0x16a2</load_address>
         <run_address>0x16a2</run_address>
         <size>0x8e</size>
         <input_file_ref idref="fl-cf"/>
      </object_component>
      <object_component id="oc-ab">
         <name>.debug_frame</name>
         <load_address>0x1730</load_address>
         <run_address>0x1730</run_address>
         <size>0x7f</size>
         <input_file_ref idref="fl-d0"/>
      </object_component>
      <object_component id="oc-165">
         <name>.debug_abbrev</name>
         <load_address>0x0</load_address>
         <run_address>0x0</run_address>
         <size>0xd5</size>
         <input_file_ref idref="fl-2"/>
      </object_component>
      <object_component id="oc-161">
         <name>.debug_abbrev</name>
         <load_address>0xd5</load_address>
         <run_address>0xd5</run_address>
         <size>0x3d</size>
         <input_file_ref idref="fl-2"/>
      </object_component>
      <object_component id="oc-15f">
         <name>.debug_abbrev</name>
         <load_address>0x112</load_address>
         <run_address>0x112</run_address>
         <size>0x27</size>
         <input_file_ref idref="fl-2"/>
      </object_component>
      <object_component id="oc-163">
         <name>.debug_abbrev</name>
         <load_address>0x139</load_address>
         <run_address>0x139</run_address>
         <size>0x27</size>
         <input_file_ref idref="fl-2"/>
      </object_component>
      <object_component id="oc-de">
         <name>.debug_abbrev</name>
         <load_address>0x160</load_address>
         <run_address>0x160</run_address>
         <size>0x13f</size>
         <input_file_ref idref="fl-2"/>
      </object_component>
      <object_component id="oc-169">
         <name>.debug_abbrev</name>
         <load_address>0x29f</load_address>
         <run_address>0x29f</run_address>
         <size>0x97</size>
         <input_file_ref idref="fl-2"/>
      </object_component>
      <object_component id="oc-94">
         <name>.debug_abbrev</name>
         <load_address>0x336</load_address>
         <run_address>0x336</run_address>
         <size>0x1f</size>
         <input_file_ref idref="fl-2"/>
      </object_component>
      <object_component id="oc-e1">
         <name>.debug_abbrev</name>
         <load_address>0x355</load_address>
         <run_address>0x355</run_address>
         <size>0x35</size>
         <input_file_ref idref="fl-2"/>
      </object_component>
      <object_component id="oc-e6">
         <name>.debug_abbrev</name>
         <load_address>0x38a</load_address>
         <run_address>0x38a</run_address>
         <size>0x33</size>
         <input_file_ref idref="fl-2"/>
      </object_component>
      <object_component id="oc-179">
         <name>.debug_abbrev</name>
         <load_address>0x3bd</load_address>
         <run_address>0x3bd</run_address>
         <size>0x118</size>
         <input_file_ref idref="fl-4"/>
      </object_component>
      <object_component id="oc-180">
         <name>.debug_abbrev</name>
         <load_address>0x4d5</load_address>
         <run_address>0x4d5</run_address>
         <size>0x29</size>
         <input_file_ref idref="fl-4"/>
      </object_component>
      <object_component id="oc-145">
         <name>.debug_abbrev</name>
         <load_address>0x4fe</load_address>
         <run_address>0x4fe</run_address>
         <size>0x10e</size>
         <input_file_ref idref="fl-4"/>
      </object_component>
      <object_component id="oc-17d">
         <name>.debug_abbrev</name>
         <load_address>0x60c</load_address>
         <run_address>0x60c</run_address>
         <size>0x33</size>
         <input_file_ref idref="fl-4"/>
      </object_component>
      <object_component id="oc-184">
         <name>.debug_abbrev</name>
         <load_address>0x63f</load_address>
         <run_address>0x63f</run_address>
         <size>0x33</size>
         <input_file_ref idref="fl-4"/>
      </object_component>
      <object_component id="oc-187">
         <name>.debug_abbrev</name>
         <load_address>0x672</load_address>
         <run_address>0x672</run_address>
         <size>0x7f</size>
         <input_file_ref idref="fl-5"/>
      </object_component>
      <object_component id="oc-16c">
         <name>.debug_abbrev</name>
         <load_address>0x6f1</load_address>
         <run_address>0x6f1</run_address>
         <size>0x12b</size>
         <input_file_ref idref="fl-6"/>
      </object_component>
      <object_component id="oc-16e">
         <name>.debug_abbrev</name>
         <load_address>0x81c</load_address>
         <run_address>0x81c</run_address>
         <size>0x29</size>
         <input_file_ref idref="fl-6"/>
      </object_component>
      <object_component id="oc-170">
         <name>.debug_abbrev</name>
         <load_address>0x845</load_address>
         <run_address>0x845</run_address>
         <size>0x29</size>
         <input_file_ref idref="fl-6"/>
      </object_component>
      <object_component id="oc-117">
         <name>.debug_abbrev</name>
         <load_address>0x86e</load_address>
         <run_address>0x86e</run_address>
         <size>0x13d</size>
         <input_file_ref idref="fl-6"/>
      </object_component>
      <object_component id="oc-11a">
         <name>.debug_abbrev</name>
         <load_address>0x9ab</load_address>
         <run_address>0x9ab</run_address>
         <size>0x33</size>
         <input_file_ref idref="fl-6"/>
      </object_component>
      <object_component id="oc-11d">
         <name>.debug_abbrev</name>
         <load_address>0x9de</load_address>
         <run_address>0x9de</run_address>
         <size>0x68</size>
         <input_file_ref idref="fl-7"/>
      </object_component>
      <object_component id="oc-87">
         <name>.debug_abbrev</name>
         <load_address>0xa46</load_address>
         <run_address>0xa46</run_address>
         <size>0x29</size>
         <input_file_ref idref="fl-7"/>
      </object_component>
      <object_component id="oc-cb">
         <name>.debug_abbrev</name>
         <load_address>0xa6f</load_address>
         <run_address>0xa6f</run_address>
         <size>0x106</size>
         <input_file_ref idref="fl-7"/>
      </object_component>
      <object_component id="oc-18b">
         <name>.debug_abbrev</name>
         <load_address>0xb75</load_address>
         <run_address>0xb75</run_address>
         <size>0x29</size>
         <input_file_ref idref="fl-8"/>
      </object_component>
      <object_component id="oc-15e">
         <name>.debug_abbrev</name>
         <load_address>0xb9e</load_address>
         <run_address>0xb9e</run_address>
         <size>0x8b</size>
         <input_file_ref idref="fl-8"/>
      </object_component>
      <object_component id="oc-74">
         <name>.debug_abbrev</name>
         <load_address>0xc29</load_address>
         <run_address>0xc29</run_address>
         <size>0x3e</size>
         <input_file_ref idref="fl-c2"/>
      </object_component>
      <object_component id="oc-90">
         <name>.debug_abbrev</name>
         <load_address>0xc67</load_address>
         <run_address>0xc67</run_address>
         <size>0x52</size>
         <input_file_ref idref="fl-c3"/>
      </object_component>
      <object_component id="oc-33">
         <name>.debug_abbrev</name>
         <load_address>0xcb9</load_address>
         <run_address>0xcb9</run_address>
         <size>0x74</size>
         <input_file_ref idref="fl-c3"/>
      </object_component>
      <object_component id="oc-36">
         <name>.debug_abbrev</name>
         <load_address>0xd2d</load_address>
         <run_address>0xd2d</run_address>
         <size>0x24</size>
         <input_file_ref idref="fl-c3"/>
      </object_component>
      <object_component id="oc-8d">
         <name>.debug_abbrev</name>
         <load_address>0xd51</load_address>
         <run_address>0xd51</run_address>
         <size>0x24</size>
         <input_file_ref idref="fl-c3"/>
      </object_component>
      <object_component id="oc-98">
         <name>.debug_abbrev</name>
         <load_address>0xd75</load_address>
         <run_address>0xd75</run_address>
         <size>0x52</size>
         <input_file_ref idref="fl-c4"/>
      </object_component>
      <object_component id="oc-97">
         <name>.debug_abbrev</name>
         <load_address>0xdc7</load_address>
         <run_address>0xdc7</run_address>
         <size>0x7b</size>
         <input_file_ref idref="fl-c4"/>
      </object_component>
      <object_component id="oc-40">
         <name>.debug_abbrev</name>
         <load_address>0xe42</load_address>
         <run_address>0xe42</run_address>
         <size>0x66</size>
         <input_file_ref idref="fl-c4"/>
      </object_component>
      <object_component id="oc-44">
         <name>.debug_abbrev</name>
         <load_address>0xea8</load_address>
         <run_address>0xea8</run_address>
         <size>0x24</size>
         <input_file_ref idref="fl-c4"/>
      </object_component>
      <object_component id="oc-9c">
         <name>.debug_abbrev</name>
         <load_address>0xecc</load_address>
         <run_address>0xecc</run_address>
         <size>0x24</size>
         <input_file_ref idref="fl-c4"/>
      </object_component>
      <object_component id="oc-159">
         <name>.debug_abbrev</name>
         <load_address>0xef0</load_address>
         <run_address>0xef0</run_address>
         <size>0xa8</size>
         <input_file_ref idref="fl-c6"/>
      </object_component>
      <object_component id="oc-14d">
         <name>.debug_abbrev</name>
         <load_address>0xf98</load_address>
         <run_address>0xf98</run_address>
         <size>0x29</size>
         <input_file_ref idref="fl-c6"/>
      </object_component>
      <object_component id="oc-c0">
         <name>.debug_abbrev</name>
         <load_address>0xfc1</load_address>
         <run_address>0xfc1</run_address>
         <size>0xba</size>
         <input_file_ref idref="fl-c6"/>
      </object_component>
      <object_component id="oc-8a">
         <name>.debug_abbrev</name>
         <load_address>0x107b</load_address>
         <run_address>0x107b</run_address>
         <size>0x3e</size>
         <input_file_ref idref="fl-c7"/>
      </object_component>
      <object_component id="oc-9f">
         <name>.debug_abbrev</name>
         <load_address>0x10b9</load_address>
         <run_address>0x10b9</run_address>
         <size>0x4f</size>
         <input_file_ref idref="fl-c8"/>
      </object_component>
      <object_component id="oc-a2">
         <name>.debug_abbrev</name>
         <load_address>0x1108</load_address>
         <run_address>0x1108</run_address>
         <size>0x53</size>
         <input_file_ref idref="fl-c9"/>
      </object_component>
      <object_component id="oc-a3">
         <name>.debug_abbrev</name>
         <load_address>0x115b</load_address>
         <run_address>0x115b</run_address>
         <size>0x55</size>
         <input_file_ref idref="fl-ca"/>
      </object_component>
      <object_component id="oc-c3">
         <name>.debug_abbrev</name>
         <load_address>0x11b0</load_address>
         <run_address>0x11b0</run_address>
         <size>0x27</size>
         <input_file_ref idref="fl-cb"/>
      </object_component>
      <object_component id="oc-189">
         <name>.debug_abbrev</name>
         <load_address>0x11d7</load_address>
         <run_address>0x11d7</run_address>
         <size>0x45</size>
         <input_file_ref idref="fl-cc"/>
      </object_component>
      <object_component id="oc-155">
         <name>.debug_abbrev</name>
         <load_address>0x121c</load_address>
         <run_address>0x121c</run_address>
         <size>0x29</size>
         <input_file_ref idref="fl-cc"/>
      </object_component>
      <object_component id="oc-188">
         <name>.debug_abbrev</name>
         <load_address>0x1245</load_address>
         <run_address>0x1245</run_address>
         <size>0x6f</size>
         <input_file_ref idref="fl-cc"/>
      </object_component>
      <object_component id="oc-146">
         <name>.debug_abbrev</name>
         <load_address>0x12b4</load_address>
         <run_address>0x12b4</run_address>
         <size>0x8e</size>
         <input_file_ref idref="fl-cd"/>
      </object_component>
      <object_component id="oc-b8">
         <name>.debug_abbrev</name>
         <load_address>0x1342</load_address>
         <run_address>0x1342</run_address>
         <size>0x68</size>
         <input_file_ref idref="fl-cd"/>
      </object_component>
      <object_component id="oc-14a">
         <name>.debug_abbrev</name>
         <load_address>0x13aa</load_address>
         <run_address>0x13aa</run_address>
         <size>0x49</size>
         <input_file_ref idref="fl-cd"/>
      </object_component>
      <object_component id="oc-122">
         <name>.debug_abbrev</name>
         <load_address>0x13f3</load_address>
         <run_address>0x13f3</run_address>
         <size>0xae</size>
         <input_file_ref idref="fl-ce"/>
      </object_component>
      <object_component id="oc-b0">
         <name>.debug_abbrev</name>
         <load_address>0x14a1</load_address>
         <run_address>0x14a1</run_address>
         <size>0x7e</size>
         <input_file_ref idref="fl-ce"/>
      </object_component>
      <object_component id="oc-126">
         <name>.debug_abbrev</name>
         <load_address>0x151f</load_address>
         <run_address>0x151f</run_address>
         <size>0x24</size>
         <input_file_ref idref="fl-ce"/>
      </object_component>
      <object_component id="oc-12b">
         <name>.debug_abbrev</name>
         <load_address>0x1543</load_address>
         <run_address>0x1543</run_address>
         <size>0x4b</size>
         <input_file_ref idref="fl-ce"/>
      </object_component>
      <object_component id="oc-172">
         <name>.debug_abbrev</name>
         <load_address>0x158e</load_address>
         <run_address>0x158e</run_address>
         <size>0x9c</size>
         <input_file_ref idref="fl-cf"/>
      </object_component>
      <object_component id="oc-11f">
         <name>.debug_abbrev</name>
         <load_address>0x162a</load_address>
         <run_address>0x162a</run_address>
         <size>0x8c</size>
         <input_file_ref idref="fl-cf"/>
      </object_component>
      <object_component id="oc-176">
         <name>.debug_abbrev</name>
         <load_address>0x16b6</load_address>
         <run_address>0x16b6</run_address>
         <size>0x24</size>
         <input_file_ref idref="fl-cf"/>
      </object_component>
      <object_component id="oc-121">
         <name>.debug_abbrev</name>
         <load_address>0x16da</load_address>
         <run_address>0x16da</run_address>
         <size>0x53</size>
         <input_file_ref idref="fl-d0"/>
      </object_component>
      <object_component id="oc-1b6">
         <name>.debug_abbrev</name>
         <load_address>0x172d</load_address>
         <run_address>0x172d</run_address>
         <size>0xf</size>
      </object_component>
      <object_component id="oc-16b">
         <name>.debug_str</name>
         <load_address>0x0</load_address>
         <run_address>0x0</run_address>
         <size>0x475</size>
         <input_file_ref idref="fl-2"/>
      </object_component>
      <object_component id="oc-96">
         <name>.debug_str</name>
         <load_address>0x475</load_address>
         <run_address>0x475</run_address>
         <size>0xfb</size>
         <input_file_ref idref="fl-2"/>
      </object_component>
      <object_component id="oc-e3">
         <name>.debug_str</name>
         <load_address>0x570</load_address>
         <run_address>0x570</run_address>
         <size>0x21f</size>
         <input_file_ref idref="fl-2"/>
      </object_component>
      <object_component id="oc-e8">
         <name>.debug_str</name>
         <load_address>0x78f</load_address>
         <run_address>0x78f</run_address>
         <size>0x103</size>
         <input_file_ref idref="fl-2"/>
      </object_component>
      <object_component id="oc-17f">
         <name>.debug_str</name>
         <load_address>0x892</load_address>
         <run_address>0x892</run_address>
         <size>0xc2</size>
         <input_file_ref idref="fl-4"/>
      </object_component>
      <object_component id="oc-186">
         <name>.debug_str</name>
         <load_address>0x954</load_address>
         <run_address>0x954</run_address>
         <size>0x10f</size>
         <input_file_ref idref="fl-4"/>
      </object_component>
      <object_component id="oc-11c">
         <name>.debug_str</name>
         <load_address>0xa63</load_address>
         <run_address>0xa63</run_address>
         <size>0xc2</size>
         <input_file_ref idref="fl-6"/>
      </object_component>
      <object_component id="oc-38">
         <name>.debug_str</name>
         <load_address>0xb25</load_address>
         <run_address>0xb25</run_address>
         <size>0x11c</size>
         <input_file_ref idref="fl-c3"/>
      </object_component>
      <object_component id="oc-8f">
         <name>.debug_str</name>
         <load_address>0xc41</load_address>
         <run_address>0xc41</run_address>
         <size>0x164</size>
         <input_file_ref idref="fl-c3"/>
      </object_component>
      <object_component id="oc-46">
         <name>.debug_str</name>
         <load_address>0xda5</load_address>
         <run_address>0xda5</run_address>
         <size>0x10e</size>
         <input_file_ref idref="fl-c4"/>
      </object_component>
      <object_component id="oc-9e">
         <name>.debug_str</name>
         <load_address>0xeb3</load_address>
         <run_address>0xeb3</run_address>
         <size>0x164</size>
         <input_file_ref idref="fl-c4"/>
      </object_component>
      <object_component id="oc-14c">
         <name>.debug_str</name>
         <load_address>0x1017</load_address>
         <run_address>0x1017</run_address>
         <size>0xf2</size>
         <input_file_ref idref="fl-cd"/>
      </object_component>
      <object_component id="oc-128">
         <name>.debug_str</name>
         <load_address>0x1109</load_address>
         <run_address>0x1109</run_address>
         <size>0xfe</size>
         <input_file_ref idref="fl-ce"/>
      </object_component>
      <object_component id="oc-12d">
         <name>.debug_str</name>
         <load_address>0x1207</load_address>
         <run_address>0x1207</run_address>
         <size>0x1bb</size>
         <input_file_ref idref="fl-ce"/>
      </object_component>
      <object_component id="oc-178">
         <name>.debug_str</name>
         <load_address>0x13c2</load_address>
         <run_address>0x13c2</run_address>
         <size>0xf3</size>
         <input_file_ref idref="fl-cf"/>
      </object_component>
      <object_component id="oc-7d">
         <name>.debug_aranges</name>
         <load_address>0x0</load_address>
         <run_address>0x0</run_address>
         <size>0x248</size>
         <input_file_ref idref="fl-2"/>
      </object_component>
      <object_component id="oc-b4">
         <name>.debug_aranges</name>
         <load_address>0x248</load_address>
         <run_address>0x248</run_address>
         <size>0x98</size>
         <input_file_ref idref="fl-4"/>
      </object_component>
      <object_component id="oc-140">
         <name>.debug_aranges</name>
         <load_address>0x2e0</load_address>
         <run_address>0x2e0</run_address>
         <size>0x28</size>
         <input_file_ref idref="fl-5"/>
      </object_component>
      <object_component id="oc-83">
         <name>.debug_aranges</name>
         <load_address>0x308</load_address>
         <run_address>0x308</run_address>
         <size>0x118</size>
         <input_file_ref idref="fl-6"/>
      </object_component>
      <object_component id="oc-77">
         <name>.debug_aranges</name>
         <load_address>0x420</load_address>
         <run_address>0x420</run_address>
         <size>0x1c8</size>
         <input_file_ref idref="fl-7"/>
      </object_component>
[...]
         <name>Max2</name>
         <value>0x20000854</value>
      </symbol>
      <symbol id="sm-49c">
         <name>Max3</name>
         <value>0x20000858</value>
      </symbol>
      <symbol id="sm-49d">
         <name>Max4</name>
         <value>0x2000085c</value>
      </symbol>
      <symbol id="sm-49e">
         <name>Max5</name>
         <value>0x20000860</value>
      </symbol>
      <symbol id="sm-49f">
         <name>Min0</name>
         <value>0x2000086c</value>
      </symbol>
      <symbol id="sm-4a0">
         <name>Min1</name>
         <value>0x20000870</value>
      </symbol>
      <symbol id="sm-4a1">
         <name>Min2</name>
         <value>0x20000874</value>
      </symbol>
      <symbol id="sm-4a2">
         <name>Min3</name>
         <value>0x20000878</value>
      </symbol>
      <symbol id="sm-4a3">
         <name>Min4</name>
         <value>0x2000087c</value>
      </symbol>
      <symbol id="sm-4a4">
         <name>Min5</name>
         <value>0x20000880</value>
      </symbol>
      <symbol id="sm-4a5">
         <name>Last0</name>
         <value>0x20000828</value>
      </symbol>
      <symbol id="sm-4a6">
         <name>Last1</name>
         <value>0x2000082c</value>
      </symbol>
      <symbol id="sm-4a7">
         <name>Last2</name>
         <value>0x20000830</value>
      </symbol>
      <symbol id="sm-4a8">
         <name>Last3</name>
         <value>0x20000834</value>
      </symbol>
      <symbol id="sm-4a9">
         <name>Last4</name>
         <value>0x20000838</value>
      </symbol>
      <symbol id="sm-4aa">
         <name>Last5</name>
         <value>0x2000083c</value>
      </symbol>
      <symbol id="sm-4ab">
         <name>PeriodicTask2</name>
         <value>0x20000888</value>
      </symbol>
      <symbol id="sm-4ac">
         <name>Messageindexb</name>
         <value>0x20000868</value>
      </symbol>
      <symbol id="sm-4ad">
         <name>Messageb</name>
         <value>0x20000800</value>
      </symbol>
      <symbol id="sm-4ae">
         <name>TExaS_Stop</name>
         <value>0x1d85</value>
         <object_component_ref idref="oc-81"/>
      </symbol>
      <symbol id="sm-4af">
         <name>UART_OutUHex</name>
         <value>0x23f1</value>
         <object_component_ref idref="oc-81"/>
      </symbol>
      <symbol id="sm-4b0">
         <name>Key</name>
         <value>0x3a40</value>
         <object_component_ref idref="oc-111"/>
      </symbol>
      <symbol id="sm-4b1">
         <name>Grader</name>
         <value>0x1689</value>
         <object_component_ref idref="oc-81"/>
      </symbol>
      <symbol id="sm-4b2">
         <name>UART_InUDec</name>
         <value>0x1e75</value>
         <object_component_ref idref="oc-81"/>
      </symbol>
      <symbol id="sm-4b3">
         <name>PeriodicTask2_Init</name>
         <value>0x1bd1</value>
         <object_component_ref idref="oc-81"/>
      </symbol>
      <symbol id="sm-4b4">
         <name>UART_OutUDec</name>
         <value>0x1f11</value>
         <object_component_ref idref="oc-81"/>
      </symbol>
      <symbol id="sm-4b5">
         <name>UART_OutUFix1</name>
         <value>0x22e9</value>
         <object_component_ref idref="oc-81"/>
      </symbol>
      <symbol id="sm-4b6">
         <name>TExaS_Task0</name>
         <value>0x24b5</value>
         <object_component_ref idref="oc-81"/>
      </symbol>
      <symbol id="sm-4b7">
         <name>TExaS_Task1</name>
         <value>0x2535</value>
         <object_component_ref idref="oc-81"/>
      </symbol>
      <symbol id="sm-4b8">
         <name>TExaS_Task2</name>
         <value>0x2593</value>
         <object_component_ref idref="oc-81"/>
      </symbol>
      <symbol id="sm-4b9">
         <name>TExaS_Task3</name>
         <value>0x25f1</value>
         <object_component_ref idref="oc-81"/>
      </symbol>
      <symbol id="sm-4ba">
         <name>TExaS_Task4</name>
         <value>0x264f</value>
         <object_component_ref idref="oc-81"/>
      </symbol>
      <symbol id="sm-4bb">
         <name>TExaS_Task5</name>
         <value>0x26ad</value>
         <object_component_ref idref="oc-81"/>
      </symbol>
      <symbol id="sm-4bc">
         <name>UART_InString</name>
         <value>0x242d</value>
         <object_component_ref idref="oc-81"/>
      </symbol>
      <symbol id="sm-4bd">
         <name>UART_OutString</name>
         <value>0x1e15</value>
         <object_component_ref idref="oc-81"/>
      </symbol>
      <symbol id="sm-4be">
         <name>UART_OutUDec4</name>
         <value>0x2249</value>
         <object_component_ref idref="oc-81"/>
      </symbol>
      <symbol id="sm-4bf">
         <name>UART_OutUDec5</name>
         <value>0x227d</value>
         <object_component_ref idref="oc-81"/>
      </symbol>
      <symbol id="sm-4c0">
         <name>UART_OutUDec7</name>
         <value>0x22af</value>
         <object_component_ref idref="oc-81"/>
      </symbol>
      <symbol id="sm-4c1">
         <name>PeriodicTask2_Stop</name>
         <value>0x1c81</value>
         <object_component_ref idref="oc-81"/>
      </symbol>
      <symbol id="sm-4c2">
         <name>TA3_0_IRQHandler</name>
         <value>0x1c6d</value>
         <object_component_ref idref="oc-81"/>
      </symbol>
      <symbol id="sm-4c3">
         <name>TExaS_Init</name>
         <value>0x1cbd</value>
         <object_component_ref idref="oc-81"/>
      </symbol>
      <symbol id="sm-4c4">
         <name>UART_InChar</name>
         <value>0x1ddd</value>
         <object_component_ref idref="oc-81"/>
      </symbol>
      <symbol id="sm-4c5">
         <name>LogicAnalyzer</name>
         <value>0x1675</value>
         <object_component_ref idref="oc-81"/>
      </symbol>
      <symbol id="sm-4c6">
         <name>Scramble</name>
         <value>0x3a20</value>
         <object_component_ref idref="oc-114"/>
      </symbol>
      <symbol id="sm-4c7">
         <name>UART_Init</name>
         <value>0x1d8d</value>
         <object_component_ref idref="oc-81"/>
      </symbol>
      <symbol id="sm-4c8">
         <name>UART_InUHex</name>
         <value>0x231d</value>
         <object_component_ref idref="oc-81"/>
      </symbol>
      <symbol id="sm-4c9">
         <name>UART_OutChar</name>
         <value>0x1df5</value>
         <object_component_ref idref="oc-81"/>
      </symbol>
      <symbol id="sm-549">
         <name>T32_INT2_IRQHandler</name>
         <value>0x3675</value>
         <object_component_ref idref="oc-75"/>
      </symbol>
      <symbol id="sm-54a">
         <name>PendSV_Handler</name>
         <value>0x363d</value>
         <object_component_ref idref="oc-75"/>
      </symbol>
      <symbol id="sm-54b">
         <name>SysTick_Handler</name>
         <value>0x363f</value>
         <object_component_ref idref="oc-75"/>
      </symbol>
      <symbol id="sm-54c">
         <name>EUSCIA3_IRQHandler</name>
         <value>0x3667</value>
         <object_component_ref idref="oc-75"/>
      </symbol>
      <symbol id="sm-54d">
         <name>SVC_Handler</name>
         <value>0x3639</value>
         <object_component_ref idref="oc-75"/>
      </symbol>
      <symbol id="sm-54e">
         <name>EUSCIB1_IRQHandler</name>
         <value>0x366b</value>
         <object_component_ref idref="oc-75"/>
      </symbol>
      <symbol id="sm-54f">
         <name>PORT4_IRQHandler</name>
         <value>0x368d</value>
         <object_component_ref idref="oc-75"/>
      </symbol>
      <symbol id="sm-550">
         <name>AES256_IRQHandler</name>
         <value>0x3679</value>
         <object_component_ref idref="oc-75"/>
      </symbol>
      <symbol id="sm-551">
         <name>FPU_IRQHandler</name>
         <value>0x3649</value>
         <object_component_ref idref="oc-75"/>
      </symbol>
      <symbol id="sm-552">
         <name>EUSCIB2_IRQHandler</name>
         <value>0x366d</value>
         <object_component_ref idref="oc-75"/>
      </symbol>
      <symbol id="sm-553">
         <name>PORT1_IRQHandler</name>
         <value>0x3687</value>
         <object_component_ref idref="oc-75"/>
      </symbol>
      <symbol id="sm-554">
         <name>RTC_C_IRQHandler</name>
         <value>0x367b</value>
         <object_component_ref idref="oc-75"/>
      </symbol>
      <symbol id="sm-555">
         <name>TA3_N_IRQHandler</name>
         <value>0x365f</value>
         <object_component_ref idref="oc-75"/>
      </symbol>
      <symbol id="sm-556">
         <name>DMA_INT3_IRQHandler</name>
         <value>0x367f</value>
         <object_component_ref idref="oc-75"/>
      </symbol>
      <symbol id="sm-557">
         <name>PORT2_IRQHandler</name>
         <value>0x3689</value>
         <object_component_ref idref="oc-75"/>
      </symbol>
      <symbol id="sm-558">
         <name>StartCritical</name>
         <value>0x369f</value>
         <object_component_ref idref="oc-75"/>
      </symbol>
      <symbol id="sm-559">
         <name>TA0_0_IRQHandler</name>
         <value>0x3651</value>
         <object_component_ref idref="oc-75"/>
      </symbol>
      <symbol id="sm-55a">
         <name>PSS_IRQHandler</name>
         <value>0x3641</value>
         <object_component_ref idref="oc-75"/>
      </symbol>
      <symbol id="sm-55b">
         <name>TA1_N_IRQHandler</name>
         <value>0x3657</value>
         <object_component_ref idref="oc-75"/>
      </symbol>
      <symbol id="sm-55c">
         <name>EUSCIA1_IRQHandler</name>
         <value>0x3663</value>
         <object_component_ref idref="oc-75"/>
      </symbol>
      <symbol id="sm-55d">
         <name>EUSCIA2_IRQHandler</name>
         <value>0x3665</value>
         <object_component_ref idref="oc-75"/>
      </symbol>
      <symbol id="sm-55e">
         <name>COMP_E0_IRQHandler</name>
         <value>0x364d</value>
         <object_component_ref idref="oc-75"/>
      </symbol>
      <symbol id="sm-55f">
         <name>WDT_A_IRQHandler</name>
         <value>0x3647</value>
         <object_component_ref idref="oc-75"/>
      </symbol>
      <symbol id="sm-560">
         <name>EUSCIB0_IRQHandler</name>
         <value>0x3669</value>
         <object_component_ref idref="oc-75"/>
      </symbol>
      <symbol id="sm-561">
         <name>FLCTL_IRQHandler</name>
         <value>0x364b</value>
         <object_component_ref idref="oc-75"/>
      </symbol>
      <symbol id="sm-562">
         <name>EndCritical</name>
         <value>0x36a9</value>
         <object_component_ref idref="oc-75"/>
      </symbol>
      <symbol id="sm-563">
         <name>DMA_INT1_IRQHandler</name>
         <value>0x3683</value>
         <object_component_ref idref="oc-75"/>
      </symbol>
      <symbol id="sm-564">
         <name>PCM_IRQHandler</name>
         <value>0x3645</value>
         <object_component_ref idref="oc-75"/>
      </symbol>
      <symbol id="sm-565">
         <name>ADC14_IRQHandler</name>
         <value>0x3671</value>
         <object_component_ref idref="oc-75"/>
      </symbol>
      <symbol id="sm-566">
         <name>T32_INTC_IRQHandler</name>
         <value>0x3677</value>
         <object_component_ref idref="oc-75"/>
      </symbol>
      <symbol id="sm-567">
         <name>DMA_INT2_IRQHandler</name>
         <value>0x3681</value>
         <object_component_ref idref="oc-75"/>
      </symbol>
      <symbol id="sm-568">
         <name>EUSCIA0_IRQHandler</name>
         <value>0x3661</value>
         <object_component_ref idref="oc-75"/>
      </symbol>
      <symbol id="sm-569">
         <name>DMA_ERR_IRQHandler</name>
         <value>0x367d</value>
         <object_component_ref idref="oc-75"/>
      </symbol>
      <symbol id="sm-56a">
         <name>DisableInterrupts</name>
         <value>0x3693</value>
         <object_component_ref idref="oc-75"/>
      </symbol>
      <symbol id="sm-56b">
         <name>PORT5_IRQHandler</name>
         <value>0x368f</value>
         <object_component_ref idref="oc-75"/>
      </symbol>
      <symbol id="sm-56c">
         <name>TA2_N_IRQHandler</name>
         <value>0x365b</value>
         <object_component_ref idref="oc-75"/>
      </symbol>
      <symbol id="sm-56d">
         <name>COMP_E1_IRQHandler</name>
         <value>0x364f</value>
         <object_component_ref idref="oc-75"/>
      </symbol>
      <symbol id="sm-56e">
         <name>EUSCIB3_IRQHandler</name>
         <value>0x366f</value>
         <object_component_ref idref="oc-75"/>
      </symbol>
      <symbol id="sm-56f">
         <name>WaitForInterrupt</name>
         <value>0x36b1</value>
         <object_component_ref idref="oc-75"/>
      </symbol>
      <symbol id="sm-570">
         <name>interruptVectors</name>
         <value>0x0</value>
         <object_component_ref idref="oc-2a"/>
      </symbol>
      <symbol id="sm-571">
         <name>EnableInterrupts</name>
         <value>0x3699</value>
         <object_component_ref idref="oc-75"/>
      </symbol>
      <symbol id="sm-572">
         <name>PORT6_IRQHandler</name>
         <value>0x3691</value>
         <object_component_ref idref="oc-75"/>
      </symbol>
      <symbol id="sm-573">
         <name>TA0_N_IRQHandler</name>
         <value>0x3653</value>
         <object_component_ref idref="oc-75"/>
      </symbol>
      <symbol id="sm-574">
         <name>DebugMon_Handler</name>
         <value>0x363b</value>
         <object_component_ref idref="oc-75"/>
      </symbol>
      <symbol id="sm-575">
         <name>DMA_INT0_IRQHandler</name>
         <value>0x3685</value>
         <object_component_ref idref="oc-75"/>
      </symbol>
      <symbol id="sm-576">
         <name>PORT3_IRQHandler</name>
         <value>0x368b</value>
         <object_component_ref idref="oc-75"/>
      </symbol>
      <symbol id="sm-577">
         <name>CS_IRQHandler</name>
         <value>0x3643</value>
         <object_component_ref idref="oc-75"/>
      </symbol>
      <symbol id="sm-5be">
         <name>SystemInit</name>
         <value>0x33b5</value>
         <object_component_ref idref="oc-c5"/>
      </symbol>
      <symbol id="sm-5bf">
         <name>SystemCoreClockUpdate</name>
         <value>0x3141</value>
         <object_component_ref idref="oc-c5"/>
      </symbol>
      <symbol id="sm-5c0">
         <name>SystemCoreClock</name>
         <value>0x20000944</value>
         <object_component_ref idref="oc-15b"/>
      </symbol>
      <symbol id="sm-5d1">
         <name>_c_int00</name>
         <value>0x38a9</value>
         <object_component_ref idref="oc-24"/>
      </symbol>
      <symbol id="sm-5d2">
         <name>__stack</name>
         <value>0x2000fe00</value>
         <object_component_ref idref="oc-2d"/>
      </symbol>
      <symbol id="sm-5e9">
         <name>__TI_decompress_none</name>
         <value>0x39c9</value>
         <object_component_ref idref="oc-12"/>
      </symbol>
      <symbol id="sm-611">
         <name>__TI_decompress_rle24</name>
         <value>0x39d7</value>
         <object_component_ref idref="oc-18"/>
      </symbol>
      <symbol id="sm-633">
         <name>C$$EXIT</name>
         <value>0x38fd</value>
         <object_component_ref idref="oc-6b"/>
      </symbol>
      <symbol id="sm-634">
         <name>abort</name>
         <value>0x3901</value>
         <object_component_ref idref="oc-6b"/>
      </symbol>
      <symbol id="sm-635">
         <name>exit</name>
         <value>0x3909</value>
         <object_component_ref idref="oc-6b"/>
      </symbol>
      <symbol id="sm-636">
         <name>__TI_dtors_ptr</name>
         <value>0x2000092c</value>
         <object_component_ref idref="oc-ba"/>
      </symbol>
      <symbol id="sm-637">
         <name>__TI_cleanup_ptr</name>
         <value>0x20000928</value>
         <object_component_ref idref="oc-ba"/>
      </symbol>
      <symbol id="sm-638">
         <name>__TI_enable_exit_profile_output</name>
         <value>0x20000930</value>
         <object_component_ref idref="oc-ba"/>
      </symbol>
      <symbol id="sm-653">
         <name>memcpy</name>
         <value>0x36b7</value>
         <object_component_ref idref="oc-2e"/>
      </symbol>
      <symbol id="sm-654">
         <name>__aeabi_memcpy</name>
         <value>0x36b7</value>
         <object_component_ref idref="oc-2e"/>
      </symbol>
      <symbol id="sm-655">
         <name>__aeabi_memcpy8</name>
         <value>0x36b7</value>
         <object_component_ref idref="oc-2e"/>
      </symbol>
      <symbol id="sm-656">
         <name>__aeabi_memcpy4</name>
         <value>0x36b7</value>
         <object_component_ref idref="oc-2e"/>
      </symbol>
      <symbol id="sm-665">
         <name>__aeabi_memset</name>
         <value>0x3755</value>
         <object_component_ref idref="oc-47"/>
      </symbol>
      <symbol id="sm-666">
         <name>memset</name>
         <value>0x375b</value>
         <object_component_ref idref="oc-47"/>
      </symbol>
      <symbol id="sm-667">
         <name>__aeabi_memset8</name>
         <value>0x3755</value>
         <object_component_ref idref="oc-47"/>
      </symbol>
      <symbol id="sm-668">
         <name>__aeabi_memset4</name>
         <value>0x3755</value>
         <object_component_ref idref="oc-47"/>
      </symbol>
      <symbol id="sm-669">
         <name>__aeabi_memclr8</name>
         <value>0x3753</value>
         <object_component_ref idref="oc-47"/>
      </symbol>
      <symbol id="sm-66a">
         <name>__aeabi_memclr4</name>
         <value>0x3753</value>
         <object_component_ref idref="oc-47"/>
      </symbol>
      <symbol id="sm-66b">
         <name>__aeabi_memclr</name>
         <value>0x3753</value>
         <object_component_ref idref="oc-47"/>
      </symbol>
      <symbol id="sm-675">
         <name>__mpu_init</name>
         <value>0x38a7</value>
         <object_component_ref idref="oc-53"/>
      </symbol>
      <symbol id="sm-67f">
         <name>_system_pre_init</name>
         <value>0x39dd</value>
         <object_component_ref idref="oc-59"/>
      </symbol>
      <symbol id="sm-687">
         <name>main_func_sp</name>
         <value>0x20000940</value>
         <object_component_ref idref="oc-71"/>
      </symbol>
      <symbol id="sm-6a0">
         <name>_nop</name>
         <value>0x39c3</value>
         <object_component_ref idref="oc-14f"/>
      </symbol>
      <symbol id="sm-6a1">
         <name>_lock</name>
         <value>0x20000934</value>
         <object_component_ref idref="oc-bd"/>
      </symbol>
      <symbol id="sm-6a2">
         <name>_unlock</name>
         <value>0x20000938</value>
         <object_component_ref idref="oc-bd"/>
      </symbol>
      <symbol id="sm-6a3">
         <name>_register_lock</name>
         <value>0x39bb</value>
         <object_component_ref idref="oc-14f"/>
      </symbol>
      <symbol id="sm-6a4">
         <name>_register_unlock</name>
         <value>0x39b5</value>
         <object_component_ref idref="oc-14f"/>
      </symbol>
      <symbol id="sm-6b8">
         <name>_args_main</name>
         <value>0x399d</value>
         <object_component_ref idref="oc-65"/>
      </symbol>
      <symbol id="sm-6dd">
         <name>__TI_auto_init</name>
         <value>0x37cd</value>
         <object_component_ref idref="oc-5f"/>
      </symbol>
      <symbol id="sm-6f7">
         <name>copy_in</name>
         <value>0x3951</value>
         <object_component_ref idref="oc-a4"/>
      </symbol>
      <symbol id="sm-701">
         <name>_system_post_cinit</name>
         <value>0x39e1</value>
         <object_component_ref idref="oc-aa"/>
      </symbol>
      <symbol id="sm-702">
         <name>__TI_static_base__</name>
         <value>0x0</value>
      </symbol>
      <symbol id="sm-705">
         <name>SHT$$INIT_ARRAY$$Limit</name>
         <value>0x0</value>
      </symbol>
      <symbol id="sm-706">
         <name>SHT$$INIT_ARRAY$$Base</name>
         <value>0x0</value>
      </symbol>
   </symbol_table>
   <title>Link successful</title>
</link_info>
